Archive member included to satisfy reference by file (symbol)

C:/Program Files (x86)/Arm GNU Toolchain arm-none-eabi/13.2 Rel1/bin/../lib/gcc/arm-none-eabi/13.2.1/thumb/v7e-m+fp/hard\libc_nano.a(libc_a-exit.o)
                              C:/Program Files (x86)/Arm GNU Toolchain arm-none-eabi/13.2 Rel1/bin/../lib/gcc/arm-none-eabi/13.2.1/thumb/v7e-m+fp/hard/crt0.o (exit)
C:/Program Files (x86)/Arm GNU Toolchain arm-none-eabi/13.2 Rel1/bin/../lib/gcc/arm-none-eabi/13.2.1/thumb/v7e-m+fp/hard\libc_nano.a(libc_a-findfp.o)
                              build/tasks.o (__sf)
C:/Program Files (x86)/Arm GNU Toolchain arm-none-eabi/13.2 Rel1/bin/../lib/gcc/arm-none-eabi/13.2.1/thumb/v7e-m+fp/hard\libc_nano.a(libc_a-fwalk.o)
                              C:/Program Files (x86)/Arm GNU Toolchain arm-none-eabi/13.2 Rel1/bin/../lib/gcc/arm-none-eabi/13.2.1/thumb/v7e-m+fp/hard\libc_nano.a(libc_a-findfp.o) (_fwalk_sglue)
C:/Program Files (x86)/Arm GNU Toolchain arm-none-eabi/13.2 Rel1/bin/../lib/gcc/arm-none-eabi/13.2.1/thumb/v7e-m+fp/hard\libc_nano.a(libc_a-stdio.o)
                              C:/Program Files (x86)/Arm GNU Toolchain arm-none-eabi/13.2 Rel1/bin/../lib/gcc/arm-none-eabi/13.2.1/thumb/v7e-m+fp/hard\libc_nano.a(libc_a-findfp.o) (__sread)
C:/Program Files (x86)/Arm GNU Toolchain arm-none-eabi/13.2 Rel1/bin/../lib/gcc/arm-none-eabi/13.2.1/thumb/v7e-m+fp/hard\libc_nano.a(libc_a-memset.o)
                              C:/Program Files (x86)/Arm GNU Toolchain arm-none-eabi/13.2 Rel1/bin/../lib/gcc/arm-none-eabi/13.2.1/thumb/v7e-m+fp/hard/crt0.o (memset)
C:/Program Files (x86)/Arm GNU Toolchain arm-none-eabi/13.2 Rel1/bin/../lib/gcc/arm-none-eabi/13.2.1/thumb/v7e-m+fp/hard\libc_nano.a(libc_a-closer.o)
                              C:/Program Files (x86)/Arm GNU Toolchain arm-none-eabi/13.2 Rel1/bin/../lib/gcc/arm-none-eabi/13.2.1/thumb/v7e-m+fp/hard\libc_nano.a(libc_a-stdio.o) (_close_r)
C:/Program Files (x86)/Arm GNU Toolchain arm-none-eabi/13.2 Rel1/bin/../lib/gcc/arm-none-eabi/13.2.1/thumb/v7e-m+fp/hard\libc_nano.a(libc_a-reent.o)
                              build/tasks.o (_reclaim_reent)
C:/Program Files (x86)/Arm GNU Toolchain arm-none-eabi/13.2 Rel1/bin/../lib/gcc/arm-none-eabi/13.2.1/thumb/v7e-m+fp/hard\libc_nano.a(libc_a-impure.o)
                              build/tasks.o (_impure_ptr)
C:/Program Files (x86)/Arm GNU Toolchain arm-none-eabi/13.2 Rel1/bin/../lib/gcc/arm-none-eabi/13.2.1/thumb/v7e-m+fp/hard\libc_nano.a(libc_a-lseekr.o)
                              C:/Program Files (x86)/Arm GNU Toolchain arm-none-eabi/13.2 Rel1/bin/../lib/gcc/arm-none-eabi/13.2.1/thumb/v7e-m+fp/hard\libc_nano.a(libc_a-stdio.o) (_lseek_r)
C:/Program Files (x86)/Arm GNU Toolchain arm-none-eabi/13.2 Rel1/bin/../lib/gcc/arm-none-eabi/13.2.1/thumb/v7e-m+fp/hard\libc_nano.a(libc_a-readr.o)
                              C:/Program Files (x86)/Arm GNU Toolchain arm-none-eabi/13.2 Rel1/bin/../lib/gcc/arm-none-eabi/13.2.1/thumb/v7e-m+fp/hard\libc_nano.a(libc_a-stdio.o) (_read_r)
C:/Program Files (x86)/Arm GNU Toolchain arm-none-eabi/13.2 Rel1/bin/../lib/gcc/arm-none-eabi/13.2.1/thumb/v7e-m+fp/hard\libc_nano.a(libc_a-writer.o)
                              C:/Program Files (x86)/Arm GNU Toolchain arm-none-eabi/13.2 Rel1/bin/../lib/gcc/arm-none-eabi/13.2.1/thumb/v7e-m+fp/hard\libc_nano.a(libc_a-stdio.o) (_write_r)
C:/Program Files (x86)/Arm GNU Toolchain arm-none-eabi/13.2 Rel1/bin/../lib/gcc/arm-none-eabi/13.2.1/thumb/v7e-m+fp/hard\libc_nano.a(libc_a-init.o)
                              C:/Program Files (x86)/Arm GNU Toolchain arm-none-eabi/13.2 Rel1/bin/../lib/gcc/arm-none-eabi/13.2.1/thumb/v7e-m+fp/hard/crt0.o (__libc_init_array)
C:/Program Files (x86)/Arm GNU Toolchain arm-none-eabi/13.2 Rel1/bin/../lib/gcc/arm-none-eabi/13.2.1/thumb/v7e-m+fp/hard\libc_nano.a(libc_a-lock.o)
                              C:/Program Files (x86)/Arm GNU Toolchain arm-none-eabi/13.2 Rel1/bin/../lib/gcc/arm-none-eabi/13.2.1/thumb/v7e-m+fp/hard\libc_nano.a(libc_a-findfp.o) (__retarget_lock_init_recursive)
C:/Program Files (x86)/Arm GNU Toolchain arm-none-eabi/13.2 Rel1/bin/../lib/gcc/arm-none-eabi/13.2.1/thumb/v7e-m+fp/hard\libc_nano.a(libc_a-memcpy-stub.o)
                              build/queue.o (memcpy)
C:/Program Files (x86)/Arm GNU Toolchain arm-none-eabi/13.2 Rel1/bin/../lib/gcc/arm-none-eabi/13.2.1/thumb/v7e-m+fp/hard\libc_nano.a(libc_a-freer.o)
                              C:/Program Files (x86)/Arm GNU Toolchain arm-none-eabi/13.2 Rel1/bin/../lib/gcc/arm-none-eabi/13.2.1/thumb/v7e-m+fp/hard\libc_nano.a(libc_a-reent.o) (_free_r)
C:/Program Files (x86)/Arm GNU Toolchain arm-none-eabi/13.2 Rel1/bin/../lib/gcc/arm-none-eabi/13.2.1/thumb/v7e-m+fp/hard\libc_nano.a(libc_a-mallocr.o)
                              C:/Program Files (x86)/Arm GNU Toolchain arm-none-eabi/13.2 Rel1/bin/../lib/gcc/arm-none-eabi/13.2.1/thumb/v7e-m+fp/hard\libc_nano.a(libc_a-findfp.o) (_malloc_r)
[...]
Memory Configuration

Name             Origin             Length             Attributes
RAM              0x20000000         0x00050000         xrw
FLASH            0x08000000         0x00180000         xr
*default*        0x00000000         0xffffffff

Linker script and memory map

LOAD C:/Program Files (x86)/Arm GNU Toolchain arm-none-eabi/13.2 Rel1/bin/../lib/gcc/arm-none-eabi/13.2.1/thumb/v7e-m+fp/hard/crti.o
LOAD C:/Program Files (x86)/Arm GNU Toolchain arm-none-eabi/13.2 Rel1/bin/../lib/gcc/arm-none-eabi/13.2.1/thumb/v7e-m+fp/hard/crtbegin.o
LOAD C:/Program Files (x86)/Arm GNU Toolchain arm-none-eabi/13.2 Rel1/bin/../lib/gcc/arm-none-eabi/13.2.1/thumb/v7e-m+fp/hard/crt0.o
LOAD build/main.o
LOAD build/freertos.o
LOAD build/stm32f4xx_it.o
LOAD build/stm32f4xx_hal_msp.o
LOAD build/stm32f4xx_hal_timebase_tim.o
LOAD build/stm32f4xx_hal_rcc.o
LOAD build/stm32f4xx_hal_rcc_ex.o
LOAD build/stm32f4xx_hal_flash.o
LOAD build/stm32f4xx_hal_flash_ex.o
LOAD build/stm32f4xx_hal_flash_ramfunc.o
LOAD build/stm32f4xx_hal_gpio.o
LOAD build/stm32f4xx_hal_dma_ex.o
LOAD build/stm32f4xx_hal_dma.o
LOAD build/stm32f4xx_hal_pwr.o
LOAD build/stm32f4xx_hal_pwr_ex.o
LOAD build/stm32f4xx_hal_cortex.o
LOAD build/stm32f4xx_hal.o
LOAD build/stm32f4xx_hal_exti.o
LOAD build/stm32f4xx_hal_tim.o
LOAD build/stm32f4xx_hal_tim_ex.o
LOAD build/stm32f4xx_hal_uart.o
LOAD build/stm32f4xx_hal_pcd.o
LOAD build/stm32f4xx_hal_pcd_ex.o
LOAD build/stm32f4xx_ll_usb.o
LOAD build/system_stm32f4xx.o
LOAD build/croutine.o
LOAD build/event_groups.o
LOAD build/list.o
LOAD build/queue.o
LOAD build/stream_buffer.o
LOAD build/tasks.o
LOAD build/timers.o
LOAD build/cmsis_os2.o
LOAD build/heap_4.o
LOAD build/port.o
LOAD build/startup_stm32f413xx.o
LOAD C:/Program Files (x86)/Arm GNU Toolchain arm-none-eabi/13.2 Rel1/bin/../lib/gcc/arm-none-eabi/13.2.1/thumb/v7e-m+fp/hard\libc_nano.a
LOAD C:/Program Files (x86)/Arm GNU Toolchain arm-none-eabi/13.2 Rel1/bin/../lib/gcc/arm-none-eabi/13.2.1/thumb/v7e-m+fp/hard\libm.a
LOAD C:/Program Files (x86)/Arm GNU Toolchain arm-none-eabi/13.2 Rel1/bin/../lib/gcc/arm-none-eabi/13.2.1/thumb/v7e-m+fp/hard\libnosys.a
START GROUP
LOAD C:/Program Files (x86)/Arm GNU Toolchain arm-none-eabi/13.2 Rel1/bin/../lib/gcc/arm-none-eabi/13.2.1/thumb/v7e-m+fp/hard\libgcc.a
LOAD C:/Program Files (x86)/Arm GNU Toolchain arm-none-eabi/13.2 Rel1/bin/../lib/gcc/arm-none-eabi/13.2.1/thumb/v7e-m+fp/hard\libc_nano.a
END GROUP
START GROUP
LOAD C:/Program Files (x86)/Arm GNU Toolchain arm-none-eabi/13.2 Rel1/bin/../lib/gcc/arm-none-eabi/13.2.1/thumb/v7e-m+fp/hard\libgcc.a
LOAD C:/Program Files (x86)/Arm GNU Toolchain arm-none-eabi/13.2 Rel1/bin/../lib/gcc/arm-none-eabi/13.2.1/thumb/v7e-m+fp/hard\libc_nano.a
END GROUP
LOAD C:/Program Files (x86)/Arm GNU Toolchain arm-none-eabi/13.2 Rel1/bin/../lib/gcc/arm-none-eabi/13.2.1/thumb/v7e-m+fp/hard/crtend.o
LOAD C:/Program Files (x86)/Arm GNU Toolchain arm-none-eabi/13.2 Rel1/bin/../lib/gcc/arm-none-eabi/13.2.1/thumb/v7e-m+fp/hard/crtn.o
                0x20050000                        _estack = (ORIGIN (RAM) + LENGTH (RAM))
                0x00000200                        _Min_Heap_Size = 0x200
                0x00000400                        _Min_Stack_Size = 0x400

.isr_vector     0x08000000      0x1d8
                0x08000000                        . = ALIGN (0x4)
 *(.isr_vector)
 .isr_vector    0x08000000      0x1d8 build/startup_stm32f413xx.o
                0x08000000                g_pfnVectors
                0x080001d8                        . = ALIGN (0x4)

.text           0x080001e0     0x3f44
                0x080001e0                        . = ALIGN (0x4)
 *(.text)
 .text          0x080001e0       0x30 C:/Program Files (x86)/Arm GNU Toolchain arm-none-eabi/13.2 Rel1/bin/../lib/gcc/arm-none-eabi/13.2.1/thumb/v7e-m+fp/hard\libgcc.a(_aeabi_uldivmod.o)
                0x080001e0                __aeabi_uldivmod
 .text          0x08000210        0x4 C:/Program Files (x86)/Arm GNU Toolchain arm-none-eabi/13.2 Rel1/bin/../lib/gcc/arm-none-eabi/13.2.1/thumb/v7e-m+fp/hard\libgcc.a(_dvmd_tls.o)
                0x08000210                __aeabi_idiv0
                0x08000210                __aeabi_ldiv0
 *(.text*)
 .text.deregister_tm_clones
                0x08000214       0x1c C:/Program Files (x86)/Arm GNU Toolchain arm-none-eabi/13.2 Rel1/bin/../lib/gcc/arm-none-eabi/13.2.1/thumb/v7e-m+fp/hard/crtbegin.o
 .text.register_tm_clones
                0x08000230       0x24 C:/Program Files (x86)/Arm GNU Toolchain arm-none-eabi/13.2 Rel1/bin/../lib/gcc/arm-none-eabi/13.2.1/thumb/v7e-m+fp/hard/crtbegin.o
 .text.__do_global_dtors_aux
                0x08000254       0x28 C:/Program Files (x86)/Arm GNU Toolchain arm-none-eabi/13.2 Rel1/bin/../lib/gcc/arm-none-eabi/13.2.1/thumb/v7e-m+fp/hard/crtbegin.o
 .text.frame_dummy
                0x0800027c       0x24 C:/Program Files (x86)/Arm GNU Toolchain arm-none-eabi/13.2 Rel1/bin/../lib/gcc/arm-none-eabi/13.2.1/thumb/v7e-m+fp/hard/crtbegin.o
 .text.MX_GPIO_Init
                0x080002a0      0x108 build/main.o
 .text.StartDefaultTask
                0x080003a8        0xa build/main.o
                0x080003a8                StartDefaultTask
 *fill*         0x080003b2        0x2 
 .text.StartLedToggle
                0x080003b4       0x18 build/main.o
                0x080003b4                StartLedToggle
 .text.HAL_TIM_PeriodElapsedCallback
                0x080003cc       0x18 build/main.o
                0x080003cc                HAL_TIM_PeriodElapsedCallback
 .text.Error_Handler
                0x080003e4        0x4 build/main.o
                0x080003e4                Error_Handler
 .text.MX_USART3_UART_Init
                0x080003e8       0x34 build/main.o
 .text.MX_USB_OTG_FS_PCD_Init
                0x0800041c       0x38 build/main.o
 .text.SystemClock_Config
                0x08000454       0xa8 build/main.o
                0x08000454                SystemClock_Config
 .text.main     0x080004fc       0x54 build/main.o
                0x080004fc                main
 .text.NMI_Handler
                0x08000550        0x2 build/stm32f4xx_it.o
                0x08000550                NMI_Handler
 .text.HardFault_Handler
                0x08000552        0x2 build/stm32f4xx_it.o
                0x08000552                HardFault_Handler
 .text.MemManage_Handler
                0x08000554        0x2 build/stm32f4xx_it.o
                0x08000554                MemManage_Handler
 .text.BusFault_Handler
                0x08000556        0x2 build/stm32f4xx_it.o
                0x08000556                BusFault_Handler
 .text.UsageFault_Handler
                0x08000558        0x2 build/stm32f4xx_it.o
                0x08000558                UsageFault_Handler
 .text.DebugMon_Handler
                0x0800055a        0x2 build/stm32f4xx_it.o
                0x0800055a                DebugMon_Handler
 .text.TIM7_IRQHandler
                0x0800055c       0x10 build/stm32f4xx_it.o
                0x0800055c                TIM7_IRQHandler
 .text.HAL_MspInit
                0x0800056c       0x44 build/stm32f4xx_hal_msp.o
                0x0800056c                HAL_MspInit
 .text.HAL_UART_MspInit
                0x080005b0       0x70 build/stm32f4xx_hal_msp.o
                0x080005b0                HAL_UART_MspInit
 .text.HAL_PCD_MspInit
                0x08000620       0xa8 build/stm32f4xx_hal_msp.o
                0x08000620                HAL_PCD_MspInit
 .text.HAL_InitTick
                0x080006c8       0xa4 build/stm32f4xx_hal_timebase_tim.o
                0x080006c8                HAL_InitTick
 .text.HAL_RCC_GetSysClockFreq
                0x0800076c       0xdc build/stm32f4xx_hal_rcc.o
                0x0800076c                HAL_RCC_GetSysClockFreq
 .text.HAL_RCC_ClockConfig
                0x08000848      0x160 build/stm32f4xx_hal_rcc.o
                0x08000848                HAL_RCC_ClockConfig
 .text.HAL_RCC_GetHCLKFreq
                0x080009a8        0xc build/stm32f4xx_hal_rcc.o
                0x080009a8                HAL_RCC_GetHCLKFreq
 .text.HAL_RCC_GetPCLK1Freq
                0x080009b4       0x20 build/stm32f4xx_hal_rcc.o
                0x080009b4                HAL_RCC_GetPCLK1Freq
 .text.HAL_RCC_GetPCLK2Freq
                0x080009d4       0x20 build/stm32f4xx_hal_rcc.o
                0x080009d4                HAL_RCC_GetPCLK2Freq
 .text.HAL_RCC_GetClockConfig
                0x080009f4       0x3c build/stm32f4xx_hal_rcc.o
                0x080009f4                HAL_RCC_GetClockConfig
 .text.HAL_RCCEx_PeriphCLKConfig
                0x08000a30      0x3dc build/stm32f4xx_hal_rcc_ex.o
                0x08000a30                HAL_RCCEx_PeriphCLKConfig
 .text.HAL_RCC_OscConfig
                0x08000e0c      0x410 build/stm32f4xx_hal_rcc_ex.o
                0x08000e0c                HAL_RCC_OscConfig
 .text.HAL_GPIO_Init
                0x0800121c      0x1e0 build/stm32f4xx_hal_gpio.o
                0x0800121c                HAL_GPIO_Init
 .text.HAL_GPIO_WritePin
                0x080013fc        0xc build/stm32f4xx_hal_gpio.o
                0x080013fc                HAL_GPIO_WritePin
 .text.HAL_GPIO_TogglePin
                0x08001408       0x12 build/stm32f4xx_hal_gpio.o
                0x08001408                HAL_GPIO_TogglePin
 *fill*         0x0800141a        0x2 
 .text.__NVIC_EnableIRQ
                0x0800141c       0x1c build/stm32f4xx_hal_cortex.o
 .text.__NVIC_SetPriority
                0x08001438       0x28 build/stm32f4xx_hal_cortex.o
 .text.NVIC_EncodePriority
                0x08001460       0x3e build/stm32f4xx_hal_cortex.o
 *fill*         0x0800149e        0x2 
 .text.HAL_NVIC_SetPriorityGrouping
                0x080014a0       0x24 build/stm32f4xx_hal_cortex.o
                0x080014a0                HAL_NVIC_SetPriorityGrouping
 .text.HAL_NVIC_SetPriority
                0x080014c4       0x20 build/stm32f4xx_hal_cortex.o
                0x080014c4                HAL_NVIC_SetPriority
 .text.HAL_NVIC_EnableIRQ
                0x080014e4        0x8 build/stm32f4xx_hal_cortex.o
                0x080014e4                HAL_NVIC_EnableIRQ
 .text.HAL_Init
                0x080014ec       0x34 build/stm32f4xx_hal.o
                0x080014ec                HAL_Init
 .text.HAL_IncTick
                0x08001520       0x18 build/stm32f4xx_hal.o
                0x08001520                HAL_IncTick
 .text.HAL_GetTick
                0x08001538        0xc build/stm32f4xx_hal.o
                0x08001538                HAL_GetTick
 .text.HAL_Delay
                0x08001544       0x28 build/stm32f4xx_hal.o
                0x08001544                HAL_Delay
 .text.HAL_TIM_Base_MspInit
                0x0800156c        0x2 build/stm32f4xx_hal_tim.o
                0x0800156c                HAL_TIM_Base_MspInit
 *fill*         0x0800156e        0x2 
 .text.HAL_TIM_Base_Start_IT
                0x08001570       0x88 build/stm32f4xx_hal_tim.o
                0x08001570                HAL_TIM_Base_Start_IT
 .text.HAL_TIM_OC_DelayElapsedCallback
                0x080015f8        0x2 build/stm32f4xx_hal_tim.o
                0x080015f8                HAL_TIM_OC_DelayElapsedCallback
 .text.HAL_TIM_IC_CaptureCallback
                0x080015fa        0x2 build/stm32f4xx_hal_tim.o
                0x080015fa                HAL_TIM_IC_CaptureCallback
 .text.HAL_TIM_PWM_PulseFinishedCallback
                0x080015fc        0x2 build/stm32f4xx_hal_tim.o
                0x080015fc                HAL_TIM_PWM_PulseFinishedCallback
 .text.HAL_TIM_TriggerCallback
                0x080015fe        0x2 build/stm32f4xx_hal_tim.o
                0x080015fe                HAL_TIM_TriggerCallback
 .text.HAL_TIM_IRQHandler
                0x08001600      0x15e build/stm32f4xx_hal_tim.o
                0x08001600                HAL_TIM_IRQHandler
 *fill*         0x0800175e        0x2 
 .text.TIM_Base_SetConfig
                0x08001760       0xd8 build/stm32f4xx_hal_tim.o
                0x08001760                TIM_Base_SetConfig
 .text.HAL_TIM_Base_Init
                0x08001838       0x58 build/stm32f4xx_hal_tim.o
                0x08001838                HAL_TIM_Base_Init
 .text.HAL_TIMEx_CommutCallback
                0x08001890        0x2 build/stm32f4xx_hal_tim_ex.o
                0x08001890                HAL_TIMEx_CommutCallback
 .text.HAL_TIMEx_BreakCallback
                0x08001892        0x2 build/stm32f4xx_hal_tim_ex.o
                0x08001892                HAL_TIMEx_BreakCallback
 .text.UART_SetConfig
                0x08001894      0x120 build/stm32f4xx_hal_uart.o
 .text.HAL_UART_Init
                0x080019b4       0x60 build/stm32f4xx_hal_uart.o
                0x080019b4                HAL_UART_Init
 .text.HAL_PCD_Init
                0x08001a14      0x112 build/stm32f4xx_hal_pcd.o
                0x08001a14                HAL_PCD_Init
 .text.HAL_PCDEx_ActivateLPM
                0x08001b26       0x26 build/stm32f4xx_hal_pcd_ex.o
                0x08001b26                HAL_PCDEx_ActivateLPM
 .text.USB_CoreReset
                0x08001b4c       0x4a build/stm32f4xx_ll_usb.o
 .text.USB_CoreInit
                0x08001b96       0x92 build/stm32f4xx_ll_usb.o
                0x08001b96                USB_CoreInit
 .text.USB_DisableGlobalInt
                0x08001c28        0xc build/stm32f4xx_ll_usb.o
                0x08001c28                USB_DisableGlobalInt
 .text.USB_FlushTxFifo
                0x08001c34       0x4a build/stm32f4xx_ll_usb.o
                0x08001c34                USB_FlushTxFifo
 .text.USB_FlushRxFifo
                0x08001c7e       0x46 build/stm32f4xx_ll_usb.o
                0x08001c7e                USB_FlushRxFifo
 .text.USB_SetDevSpeed
                0x08001cc4        0xe build/stm32f4xx_ll_usb.o
                0x08001cc4                USB_SetDevSpeed
 *fill*         0x08001cd2        0x2 
 .text.USB_DevInit
                0x08001cd4      0x18c build/stm32f4xx_ll_usb.o
                0x08001cd4                USB_DevInit
 .text.USB_DevDisconnect
                0x08001e60       0x1c build/stm32f4xx_ll_usb.o
                0x08001e60                USB_DevDisconnect
 .text.USB_GetMode
                0x08001e7c        0x8 build/stm32f4xx_ll_usb.o
                0x08001e7c                USB_GetMode
 .text.USB_SetCurrentMode
                0x08001e84       0x62 build/stm32f4xx_ll_usb.o
                0x08001e84                USB_SetCurrentMode
 *fill*         0x08001ee6        0x2 
 .text.SystemInit
                0x08001ee8       0x14 build/system_stm32f4xx.o
                0x08001ee8                SystemInit
 .text.vListInitialise
                0x08001efc       0x16 build/list.o
                0x08001efc                vListInitialise
 .text.vListInitialiseItem
                0x08001f12        0x6 build/list.o
                0x08001f12                vListInitialiseItem
 .text.vListInsertEnd
                0x08001f18       0x16 build/list.o
                0x08001f18                vListInsertEnd
 .text.vListInsert
                0x08001f2e       0x32 build/list.o
                0x08001f2e                vListInsert
 .text.uxListRemove
                0x08001f60       0x26 build/list.o
                0x08001f60                uxListRemove
 .text.prvIsQueueFull
                0x08001f86       0x1e build/queue.o
 .text.prvIsQueueEmpty
                0x08001fa4       0x1a build/queue.o
 .text.prvCopyDataToQueue
                0x08001fbe       0x76 build/queue.o
 .text.prvCopyDataFromQueue
                0x08002034       0x24 build/queue.o
 .text.prvUnlockQueue
                0x08002058       0x6e build/queue.o
 .text.xQueueGenericReset
                0x080020c6       0x84 build/queue.o
                0x080020c6                xQueueGenericReset
 .text.prvInitialiseNewQueue
                0x0800214a       0x22 build/queue.o
 .text.xQueueGenericCreateStatic
                0x0800216c       0x94 build/queue.o
                0x0800216c                xQueueGenericCreateStatic
 .text.xQueueGenericSend
                0x08002200      0x188 build/queue.o
                0x08002200                xQueueGenericSend
 .text.xQueueGenericSendFromISR
                0x08002388       0xce build/queue.o
                0x08002388                xQueueGenericSendFromISR
 .text.xQueueReceive
                0x08002456      0x15e build/queue.o
                0x08002456                xQueueReceive
 .text.vQueueAddToRegistry
                0x080025b4       0x28 build/queue.o
                0x080025b4                vQueueAddToRegistry
 .text.vQueueWaitForMessageRestricted
                0x080025dc       0x52 build/queue.o
                0x080025dc                vQueueWaitForMessageRestricted
 *fill*         0x0800262e        0x2 
 .text.prvResetNextTaskUnblockTime
                0x08002630       0x2c build/tasks.o
 .text.prvInitialiseNewTask
                0x0800265c      0x104 build/tasks.o
 .text.prvInitialiseTaskLists
                0x08002760       0x68 build/tasks.o
 .text.prvAddNewTaskToReadyList
                0x080027c8       0xac build/tasks.o
 .text.prvDeleteTCB
                0x08002874       0x40 build/tasks.o
 .text.prvCheckTasksWaitingTermination
                0x080028b4       0x4c build/tasks.o
 .text.prvIdleTask
                0x08002900       0x28 build/tasks.o
 .text.prvAddCurrentTaskToDelayedList
                0x08002928       0x7c build/tasks.o
 .text.xTaskCreateStatic
                0x080029a4       0x7a build/tasks.o
                0x080029a4                xTaskCreateStatic
 .text.xTaskCreate
                0x08002a1e       0x66 build/tasks.o
                0x08002a1e                xTaskCreate
 .text.vTaskStartScheduler
                0x08002a84       0xac build/tasks.o
                0x08002a84                vTaskStartScheduler
 .text.vTaskSuspendAll
                0x08002b30       0x10 build/tasks.o
                0x08002b30                vTaskSuspendAll
 .text.xTaskGetTickCount
                0x08002b40        0xc build/tasks.o
                0x08002b40                xTaskGetTickCount
 .text.xTaskIncrementTick
                0x08002b4c      0x118 build/tasks.o
                0x08002b4c                xTaskIncrementTick
 .text.xTaskResumeAll
                0x08002c64       0xf8 build/tasks.o
                0x08002c64                xTaskResumeAll
 .text.vTaskDelay
                0x08002d5c       0x4c build/tasks.o
                0x08002d5c                vTaskDelay
 .text.vTaskSwitchContext
                0x08002da8       0xa4 build/tasks.o
                0x08002da8                vTaskSwitchContext
 .text.vTaskPlaceOnEventList
                0x08002e4c       0x30 build/tasks.o
                0x08002e4c                vTaskPlaceOnEventList
 .text.vTaskPlaceOnEventListRestricted
                0x08002e7c       0x38 build/tasks.o
                0x08002e7c                vTaskPlaceOnEventListRestricted
 .text.xTaskRemoveFromEventList
                0x08002eb4       0x8c build/tasks.o
                0x08002eb4                xTaskRemoveFromEventList
 .text.vTaskInternalSetTimeOutState
                0x08002f40       0x18 build/tasks.o
                0x08002f40                vTaskInternalSetTimeOutState
 .text.xTaskCheckForTimeOut
                0x08002f58       0x84 build/tasks.o
                0x08002f58                xTaskCheckForTimeOut
 .text.vTaskMissedYield
                0x08002fdc        0xc build/tasks.o
                0x08002fdc                vTaskMissedYield
 .text.xTaskGetSchedulerState
                0x08002fe8       0x20 build/tasks.o
                0x08002fe8                xTaskGetSchedulerState
 .text.xTaskPriorityDisinherit
                0x08003008       0x90 build/tasks.o
                0x08003008                xTaskPriorityDisinherit
 .text.prvGetNextExpireTime
                0x08003098       0x20 build/timers.o
 .text.prvInsertTimerInActiveList
                0x080030b8       0x48 build/timers.o
 .text.prvCheckForValidListAndQueue
                0x08003100       0x70 build/timers.o
 .text.xTimerCreateTimerTask
                0x08003170       0x64 build/timers.o
                0x08003170                xTimerCreateTimerTask
 .text.xTimerGenericCommand
                0x080031d4       0x6c build/timers.o
                0x080031d4                xTimerGenericCommand
 .text.prvSwitchTimerLists
                0x08003240       0x7c build/timers.o
 .text.prvSampleTimeNow
                0x080032bc       0x2c build/timers.o
 .text.prvProcessExpiredTimer
                0x080032e8       0x6c build/timers.o
 .text.prvProcessTimerOrBlockTask
                0x08003354       0x74 build/timers.o
 .text.prvProcessReceivedCommands
                0x080033c8      0x10c build/timers.o
 .text.prvTimerTask
                0x080034d4       0x16 build/timers.o
 .text.SysTick_Handler
                0x080034ea       0x18 build/cmsis_os2.o
                0x080034ea                SysTick_Handler
 *fill*         0x08003502        0x2 
 .text.osKernelInitialize
                0x08003504       0x24 build/cmsis_os2.o
                0x08003504                osKernelInitialize
 .text.osKernelStart
                0x08003528       0x38 build/cmsis_os2.o
                0x08003528                osKernelStart
 .text.osThreadNew
                0x08003560       0xbe build/cmsis_os2.o
                0x08003560                osThreadNew
 .text.osDelay  0x0800361e       0x1c build/cmsis_os2.o
                0x0800361e                osDelay
 *fill*         0x0800363a        0x2 
 .text.vApplicationGetIdleTaskMemory
                0x0800363c       0x18 build/cmsis_os2.o
                0x0800363c                vApplicationGetIdleTaskMemory
 .text.vApplicationGetTimerTaskMemory
                0x08003654       0x18 build/cmsis_os2.o
                0x08003654                vApplicationGetTimerTaskMemory
 .text.prvHeapInit
                0x0800366c       0x64 build/heap_4.o
 .text.prvInsertBlockIntoFreeList
                0x080036d0       0x64 build/heap_4.o
 .text.pvPortMalloc
                0x08003734      0x104 build/heap_4.o
                0x08003734                pvPortMalloc
 .text.vPortFree
                0x08003838       0x7c build/heap_4.o
                0x08003838                vPortFree
 .text.prvTaskExitError
                0x080038b4       0x40 build/port.o
 .text.prvPortStartFirstTask
                0x080038f4       0x28 build/port.o
 .text.vPortEnableVFP
                0x0800391c       0x14 build/port.o
 .text.pxPortInitialiseStack
                0x08003930       0x2c build/port.o
                0x08003930                pxPortInitialiseStack
 *fill*         0x0800395c        0x4 
 .text.SVC_Handler
                0x08003960       0x24 build/port.o
                0x08003960                SVC_Handler
 .text.vPortEnterCritical
                0x08003984       0x44 build/port.o
                0x08003984                vPortEnterCritical
 .text.vPortExitCritical
                0x080039c8       0x2c build/port.o
                0x080039c8                vPortExitCritical
 *fill*         0x080039f4        0xc 
 .text.PendSV_Handler
                0x08003a00       0x64 build/port.o
                0x08003a00                PendSV_Handler
 .text.xPortSysTickHandler
                0x08003a64       0x2c build/port.o
                0x08003a64                xPortSysTickHandler
 .text.vPortSetupTimerInterrupt
                0x08003a90       0x28 build/port.o
                0x08003a90                vPortSetupTimerInterrupt
 .text.xPortStartScheduler
                0x08003ab8      0x118 build/port.o
                0x08003ab8                xPortStartScheduler
 .text.vPortValidateInterruptPriority
                0x08003bd0       0x5c build/port.o
                0x08003bd0                vPortValidateInterruptPriority
 .text.Reset_Handler
                0x08003c2c       0x50 build/startup_stm32f413xx.o
                0x08003c2c                Reset_Handler
 .text.Default_Handler
                0x08003c7c        0x2 build/startup_stm32f413xx.o
                0x08003c7c                RTC_Alarm_IRQHandler
                0x08003c7c                EXTI2_IRQHandler
                0x08003c7c                TIM8_CC_IRQHandler
                0x08003c7c                UART8_IRQHandler
                0x08003c7c                FMPI2C1_EV_IRQHandler
                0x08003c7c                SPI4_IRQHandler
                0x08003c7c                TIM1_CC_IRQHandler
                0x08003c7c                DMA2_Stream5_IRQHandler
                0x08003c7c                DMA1_Stream5_IRQHandler
                0x08003c7c                CAN3_RX1_IRQHandler
                0x08003c7c                PVD_IRQHandler
                0x08003c7c                SDIO_IRQHandler
                0x08003c7c                TAMP_STAMP_IRQHandler
                0x08003c7c                CAN2_RX1_IRQHandler
                0x08003c7c                EXTI3_IRQHandler
                0x08003c7c                TIM8_TRG_COM_TIM14_IRQHandler
                0x08003c7c                DFSDM1_FLT1_IRQHandler
                0x08003c7c                TIM1_UP_TIM10_IRQHandler
                0x08003c7c                TIM8_UP_TIM13_IRQHandler
                0x08003c7c                I2C3_ER_IRQHandler
                0x08003c7c                EXTI0_IRQHandler
                0x08003c7c                I2C2_EV_IRQHandler
                0x08003c7c                DMA1_Stream2_IRQHandler
                0x08003c7c                CAN1_RX0_IRQHandler
                0x08003c7c                FPU_IRQHandler
                0x08003c7c                CAN3_SCE_IRQHandler
                0x08003c7c                CAN2_SCE_IRQHandler
                0x08003c7c                DMA2_Stream2_IRQHandler
                0x08003c7c                SPI1_IRQHandler
                0x08003c7c                TIM6_DAC_IRQHandler
                0x08003c7c                TIM1_BRK_TIM9_IRQHandler
                0x08003c7c                CAN2_RX0_IRQHandler
                0x08003c7c                DMA2_Stream3_IRQHandler
                0x08003c7c                USART6_IRQHandler
                0x08003c7c                CAN3_RX0_IRQHandler
                0x08003c7c                USART3_IRQHandler
                0x08003c7c                DFSDM2_FLT3_IRQHandler
                0x08003c7c                CAN1_RX1_IRQHandler
                0x08003c7c                UART5_IRQHandler
                0x08003c7c                DMA2_Stream0_IRQHandler
                0x08003c7c                TIM4_IRQHandler
                0x08003c7c                QUADSPI_IRQHandler
                0x08003c7c                I2C1_EV_IRQHandler
                0x08003c7c                DMA1_Stream6_IRQHandler
                0x08003c7c                DMA1_Stream1_IRQHandler
                0x08003c7c                UART4_IRQHandler
                0x08003c7c                TIM3_IRQHandler
                0x08003c7c                RCC_IRQHandler
                0x08003c7c                UART9_IRQHandler
                0x08003c7c                TIM8_BRK_TIM12_IRQHandler
                0x08003c7c                Default_Handler
                0x08003c7c                EXTI15_10_IRQHandler
                0x08003c7c                ADC_IRQHandler
                0x08003c7c                DMA1_Stream7_IRQHandler
                0x08003c7c                DFSDM2_FLT0_IRQHandler
                0x08003c7c                SPI5_IRQHandler
                0x08003c7c                CAN2_TX_IRQHandler
                0x08003c7c                TIM5_IRQHandler
                0x08003c7c                DMA2_Stream7_IRQHandler
                0x08003c7c                I2C3_EV_IRQHandler
                0x08003c7c                DFSDM2_FLT2_IRQHandler
                0x08003c7c                EXTI9_5_IRQHandler
                0x08003c7c                RTC_WKUP_IRQHandler
                0x08003c7c                SPI2_IRQHandler
                0x08003c7c                DMA1_Stream0_IRQHandler
                0x08003c7c                CAN1_TX_IRQHandler
                0x08003c7c                FMPI2C1_ER_IRQHandler
                0x08003c7c                EXTI4_IRQHandler
                0x08003c7c                DFSDM2_FLT1_IRQHandler
                0x08003c7c                RNG_IRQHandler
                0x08003c7c                FSMC_IRQHandler
                0x08003c7c                WWDG_IRQHandler
                0x08003c7c                CAN3_TX_IRQHandler
                0x08003c7c                TIM2_IRQHandler
                0x08003c7c                OTG_FS_WKUP_IRQHandler
                0x08003c7c                TIM1_TRG_COM_TIM11_IRQHandler
                0x08003c7c                EXTI1_IRQHandler
                0x08003c7c                UART7_IRQHandler
                0x08003c7c                USART2_IRQHandler
                0x08003c7c                DFSDM1_FLT0_IRQHandler
                0x08003c7c                I2C2_ER_IRQHandler
                0x08003c7c                DMA2_Stream1_IRQHandler
                0x08003c7c                CAN1_SCE_IRQHandler
                0x08003c7c                FLASH_IRQHandler
                0x08003c7c                DMA2_Stream4_IRQHandler
                0x08003c7c                USART1_IRQHandler
                0x08003c7c                OTG_FS_IRQHandler
                0x08003c7c                SPI3_IRQHandler
                0x08003c7c                DMA1_Stream4_IRQHandler
                0x08003c7c                I2C1_ER_IRQHandler
                0x08003c7c                LPTIM1_IRQHandler
                0x08003c7c                DMA2_Stream6_IRQHandler
                0x08003c7c                UART10_IRQHandler
                0x08003c7c                SAI1_IRQHandler
                0x08003c7c                DMA1_Stream3_IRQHandler
 .text.memset   0x08003c7e       0x10 C:/Program Files (x86)/Arm GNU Toolchain arm-none-eabi/13.2 Rel1/bin/../lib/gcc/arm-none-eabi/13.2.1/thumb/v7e-m+fp/hard\libc_nano.a(libc_a-memset.o)
                0x08003c7e                memset
 *fill*         0x08003c8e        0x2 
 .text._reclaim_reent
                0x08003c90       0xac C:/Program Files (x86)/Arm GNU Toolchain arm-none-eabi/13.2 Rel1/bin/../lib/gcc/arm-none-eabi/13.2.1/thumb/v7e-m+fp/hard\libc_nano.a(libc_a-reent.o)
                0x08003c90                _reclaim_reent
 .text.__libc_init_array
                0x08003d3c       0x48 C:/Program Files (x86)/Arm GNU Toolchain arm-none-eabi/13.2 Rel1/bin/../lib/gcc/arm-none-eabi/13.2.1/thumb/v7e-m+fp/hard\libc_nano.a(libc_a-init.o)
                0x08003d3c                __libc_init_array
 .text.__retarget_lock_acquire_recursive
                0x08003d84        0x2 C:/Program Files (x86)/Arm GNU Toolchain arm-none-eabi/13.2 Rel1/bin/../lib/gcc/arm-none-eabi/13.2.1/thumb/v7e-m+fp/hard\libc_nano.a(libc_a-lock.o)
                0x08003d84                __retarget_lock_acquire_recursive
 .text.__retarget_lock_release_recursive
                0x08003d86        0x2 C:/Program Files (x86)/Arm GNU Toolchain arm-none-eabi/13.2 Rel1/bin/../lib/gcc/arm-none-eabi/13.2.1/thumb/v7e-m+fp/hard\libc_nano.a(libc_a-lock.o)
                0x08003d86                __retarget_lock_release_recursive
 .text.memcpy   0x08003d88       0x1c C:/Program Files (x86)/Arm GNU Toolchain arm-none-eabi/13.2 Rel1/bin/../lib/gcc/arm-none-eabi/13.2.1/thumb/v7e-m+fp/hard\libc_nano.a(libc_a-memcpy-stub.o)
                0x08003d88                memcpy
 .text._free_r  0x08003da4       0x94 C:/Program Files (x86)/Arm GNU Toolchain arm-none-eabi/13.2 Rel1/bin/../lib/gcc/arm-none-eabi/13.2.1/thumb/v7e-m+fp/hard\libc_nano.a(libc_a-freer.o)
                0x08003da4                _free_r
 .text.__malloc_lock
                0x08003e38        0xc C:/Program Files (x86)/Arm GNU Toolchain arm-none-eabi/13.2 Rel1/bin/../lib/gcc/arm-none-eabi/13.2.1/thumb/v7e-m+fp/hard\libc_nano.a(libc_a-mlock.o)
                0x08003e38                __malloc_lock
 .text.__malloc_unlock
                0x08003e44        0xc C:/Program Files (x86)/Arm GNU Toolchain arm-none-eabi/13.2 Rel1/bin/../lib/gcc/arm-none-eabi/13.2.1/thumb/v7e-m+fp/hard\libc_nano.a(libc_a-mlock.o)
                0x08003e44                __malloc_unlock
 .text.__udivmoddi4
                0x08003e50      0x2bc C:/Program Files (x86)/Arm GNU Toolchain arm-none-eabi/13.2 Rel1/bin/../lib/gcc/arm-none-eabi/13.2.1/thumb/v7e-m+fp/hard\libgcc.a(_udivmoddi4.o)
                0x08003e50                __udivmoddi4
 *(.glue_7)
 .glue_7        0x0800410c        0x0 linker stubs
 *(.glue_7t)
 .glue_7t       0x0800410c        0x0 linker stubs
 *(.eh_frame)
 .eh_frame      0x0800410c        0x0 C:/Program Files (x86)/Arm GNU Toolchain arm-none-eabi/13.2 Rel1/bin/../lib/gcc/arm-none-eabi/13.2.1/thumb/v7e-m+fp/hard/crtbegin.o
 *(.init)
 .init          0x0800410c        0x4 C:/Program Files (x86)/Arm GNU Toolchain arm-none-eabi/13.2 Rel1/bin/../lib/gcc/arm-none-eabi/13.2.1/thumb/v7e-m+fp/hard/crti.o
                0x0800410c                _init
 .init          0x08004110        0x8 C:/Program Files (x86)/Arm GNU Toolchain arm-none-eabi/13.2 Rel1/bin/../lib/gcc/arm-none-eabi/13.2.1/thumb/v7e-m+fp/hard/crtn.o
 *(.fini)
 .fini          0x08004118        0x4 C:/Program Files (x86)/Arm GNU Toolchain arm-none-eabi/13.2 Rel1/bin/../lib/gcc/arm-none-eabi/13.2.1/thumb/v7e-m+fp/hard/crti.o
                0x08004118                _fini
 .fini          0x0800411c        0x8 C:/Program Files (x86)/Arm GNU Toolchain arm-none-eabi/13.2 Rel1/bin/../lib/gcc/arm-none-eabi/13.2.1/thumb/v7e-m+fp/hard/crtn.o
                0x08004124                        . = ALIGN (0x4)
                0x08004124                        _etext = .

.vfp11_veneer   0x08004124        0x0
 .vfp11_veneer  0x08004124        0x0 linker stubs

.v4_bx          0x08004124        0x0
 .v4_bx         0x08004124        0x0 linker stubs

.iplt           0x08004124        0x0
 .iplt          0x08004124        0x0 C:/Program Files (x86)/Arm GNU Toolchain arm-none-eabi/13.2 Rel1/bin/../lib/gcc/arm-none-eabi/13.2.1/thumb/v7e-m+fp/hard/crtbegin.o

.rodata         0x08004124       0x90
                0x08004124                        . = ALIGN (0x4)
 *(.rodata)
 *(.rodata*)
 .rodata.str1.4
                0x08004124       0x30 build/main.o
                                 0x18 (size before relaxing)
 .rodata.LED_toggle_attributes
                0x08004154       0x24 build/main.o
                0x08004154                LED_toggle_attributes
 .rodata.defaultTask_attributes
                0x08004178       0x24 build/main.o
                0x08004178                defaultTask_attributes
 .rodata.APBPrescTable
                0x0800419c        0x8 build/system_stm32f4xx.o
                0x0800419c                APBPrescTable
 .rodata.AHBPrescTable
                0x080041a4       0x10 build/system_stm32f4xx.o
                0x080041a4                AHBPrescTable
 .rodata.vTaskStartScheduler.str1.4
                0x080041b4        0x5 build/tasks.o
 .rodata.prvCheckForValidListAndQueue.str1.4
                0x080041b4        0x5 build/timers.o
 .rodata.xTimerCreateTimerTask.str1.4
                0x080041b4        0x8 build/timers.o
                0x080041bc                        . = ALIGN (0x4)

.ARM.extab
 *(.ARM.extab* .gnu.linkonce.armextab.*)

.ARM            0x080041b4        0x8
                0x080041b4                        __exidx_start = .
 *(.ARM.exidx*)
 .ARM.exidx.text.__udivmoddi4
                0x080041b4        0x8 C:/Program Files (x86)/Arm GNU Toolchain arm-none-eabi/13.2 Rel1/bin/../lib/gcc/arm-none-eabi/13.2.1/thumb/v7e-m+fp/hard\libgcc.a(_udivmoddi4.o)
                0x080041bc                        __exidx_end = .

.rel.dyn        0x080041bc        0x0
 .rel.iplt      0x080041bc        0x0 C:/Program Files (x86)/Arm GNU Toolchain arm-none-eabi/13.2 Rel1/bin/../lib/gcc/arm-none-eabi/13.2.1/thumb/v7e-m+fp/hard/crtbegin.o

.preinit_array  0x080041bc        0x0
                0x080041bc                        PROVIDE (__preinit_array_start = .)
 *(.preinit_array*)
                0x080041bc                        PROVIDE (__preinit_array_end = .)

.init_array     0x080041bc        0x4
                0x080041bc                        PROVIDE (__init_array_start = .)
 *(SORT_BY_NAME(.init_array.*))
 *(.init_array*)
 .init_array    0x080041bc        0x4 C:/Program Files (x86)/Arm GNU Toolchain arm-none-eabi/13.2 Rel1/bin/../lib/gcc/arm-none-eabi/13.2.1/thumb/v7e-m+fp/hard/crtbegin.o
                0x080041c0                        PROVIDE (__init_array_end = .)

.fini_array     0x080041c0        0x4
                [!provide]                        PROVIDE (__fini_array_start = .)
 *(SORT_BY_NAME(.fini_array.*))
 *(.fini_array*)
 .fini_array    0x080041c0        0x4 C:/Program Files (x86)/Arm GNU Toolchain arm-none-eabi/13.2 Rel1/bin/../lib/gcc/arm-none-eabi/13.2.1/thumb/v7e-m+fp/hard/crtbegin.o
                [!provide]                        PROVIDE (__fini_array_end = .)
                0x080041c4                        _sidata = LOADADDR (.data)

.data           0x20000000       0x60 load address 0x080041c4
                0x20000000                        . = ALIGN (0x4)
                0x20000000                        _sdata = .
 *(.data)
 *(.data*)
 .data.uwTickFreq
                0x20000000        0x1 build/stm32f4xx_hal.o
                0x20000000                uwTickFreq
 *fill*         0x20000001        0x3 
 .data.uwTickPrio
                0x20000004        0x4 build/stm32f4xx_hal.o
                0x20000004                uwTickPrio
 .data.SystemCoreClock
                0x20000008        0x4 build/system_stm32f4xx.o
                0x20000008                SystemCoreClock
 .data.uxCriticalNesting
                0x2000000c        0x4 build/port.o
 .data._impure_ptr
                0x20000010        0x4 C:/Program Files (x86)/Arm GNU Toolchain arm-none-eabi/13.2 Rel1/bin/../lib/gcc/arm-none-eabi/13.2.1/thumb/v7e-m+fp/hard\libc_nano.a(libc_a-impure.o)
                0x20000010                _impure_ptr
 .data._impure_data
                0x20000014       0x4c C:/Program Files (x86)/Arm GNU Toolchain arm-none-eabi/13.2 Rel1/bin/../lib/gcc/arm-none-eabi/13.2.1/thumb/v7e-m+fp/hard\libc_nano.a(libc_a-impure.o)
                0x20000014                _impure_data
                0x20000060                        . = ALIGN (0x4)
                0x20000060                        _edata = .

.tm_clone_table
                0x20000060        0x0 load address 0x08004224
 .tm_clone_table
                0x20000060        0x0 C:/Program Files (x86)/Arm GNU Toolchain arm-none-eabi/13.2 Rel1/bin/../lib/gcc/arm-none-eabi/13.2.1/thumb/v7e-m+fp/hard/crtbegin.o
 .tm_clone_table
                0x20000060        0x0 C:/Program Files (x86)/Arm GNU Toolchain arm-none-eabi/13.2 Rel1/bin/../lib/gcc/arm-none-eabi/13.2.1/thumb/v7e-m+fp/hard/crtend.o

.igot.plt       0x20000060        0x0 load address 0x08004224
 .igot.plt      0x20000060        0x0 C:/Program Files (x86)/Arm GNU Toolchain arm-none-eabi/13.2 Rel1/bin/../lib/gcc/arm-none-eabi/13.2.1/thumb/v7e-m+fp/hard/crtbegin.o
                0x20000060                        . = ALIGN (0x4)

.bss            0x20000060     0x5274 load address 0x08004224
                0x20000060                        _sbss = .
                0x20000060                        __bss_start__ = _sbss
 *(.bss)
 *(.bss*)
 .bss.completed.1
                0x20000060        0x1 C:/Program Files (x86)/Arm GNU Toolchain arm-none-eabi/13.2 Rel1/bin/../lib/gcc/arm-none-eabi/13.2.1/thumb/v7e-m+fp/hard/crtbegin.o
 *fill*         0x20000061        0x3 
 .bss.object.0  0x20000064       0x18 C:/Program Files (x86)/Arm GNU Toolchain arm-none-eabi/13.2 Rel1/bin/../lib/gcc/arm-none-eabi/13.2.1/thumb/v7e-m+fp/hard/crtbegin.o
 .bss.LED_toggleHandle
                0x2000007c        0x4 build/main.o
                0x2000007c                LED_toggleHandle
 .bss.defaultTaskHandle
                0x20000080        0x4 build/main.o
                0x20000080                defaultTaskHandle
 .bss.hpcd_USB_OTG_FS
                0x20000084      0x4e4 build/main.o
                0x20000084                hpcd_USB_OTG_FS
 .bss.huart3    0x20000568       0x48 build/main.o
                0x20000568                huart3
 .bss.htim7     0x200005b0       0x48 build/stm32f4xx_hal_timebase_tim.o
                0x200005b0                htim7
 .bss.uwTick    0x200005f8        0x4 build/stm32f4xx_hal.o
                0x200005f8                uwTick
 .bss.xQueueRegistry
                0x200005fc       0x40 build/queue.o
                0x200005fc                xQueueRegistry
 .bss.uxSchedulerSuspended
                0x2000063c        0x4 build/tasks.o
 .bss.xIdleTaskHandle
                0x20000640        0x4 build/tasks.o
 .bss.xNextTaskUnblockTime
                0x20000644        0x4 build/tasks.o
 .bss.uxTaskNumber
                0x20000648        0x4 build/tasks.o
 .bss.xNumOfOverflows
                0x2000064c        0x4 build/tasks.o
 .bss.xYieldPending
                0x20000650        0x4 build/tasks.o
 .bss.xPendedTicks
                0x20000654        0x4 build/tasks.o
 .bss.xSchedulerRunning
                0x20000658        0x4 build/tasks.o
 .bss.uxTopReadyPriority
                0x2000065c        0x4 build/tasks.o
 .bss.xTickCount
                0x20000660        0x4 build/tasks.o
 .bss.uxCurrentNumberOfTasks
                0x20000664        0x4 build/tasks.o
 .bss.xSuspendedTaskList
                0x20000668       0x14 build/tasks.o
 .bss.uxDeletedTasksWaitingCleanUp
                0x2000067c        0x4 build/tasks.o
 .bss.xTasksWaitingTermination
                0x20000680       0x14 build/tasks.o
 .bss.xPendingReadyList
                0x20000694       0x14 build/tasks.o
 .bss.pxOverflowDelayedTaskList
                0x200006a8        0x4 build/tasks.o
 .bss.pxDelayedTaskList
                0x200006ac        0x4 build/tasks.o
 .bss.xDelayedTaskList2
                0x200006b0       0x14 build/tasks.o
 .bss.xDelayedTaskList1
                0x200006c4       0x14 build/tasks.o
 .bss.pxReadyTasksLists
                0x200006d8      0x460 build/tasks.o
 .bss.pxCurrentTCB
                0x20000b38        0x4 build/tasks.o
                0x20000b38                pxCurrentTCB
 .bss.xStaticTimerQueue.0
                0x20000b3c       0x50 build/timers.o
 .bss.ucStaticTimerQueueStorage.1
                0x20000b8c       0xa0 build/timers.o
 .bss.xLastTime.2
                0x20000c2c        0x4 build/timers.o
 .bss.xTimerTaskHandle
                0x20000c30        0x4 build/timers.o
 .bss.xTimerQueue
                0x20000c34        0x4 build/timers.o
 .bss.pxOverflowTimerList
                0x20000c38        0x4 build/timers.o
 .bss.pxCurrentTimerList
                0x20000c3c        0x4 build/timers.o
 .bss.xActiveTimerList2
                0x20000c40       0x14 build/timers.o
 .bss.xActiveTimerList1
                0x20000c54       0x14 build/timers.o
 .bss.Timer_Stack.0
                0x20000c68      0x400 build/cmsis_os2.o
 .bss.Timer_TCB.1
                0x20001068      0x180 build/cmsis_os2.o
 .bss.Idle_Stack.2
                0x200011e8      0x200 build/cmsis_os2.o
 .bss.Idle_TCB.3
                0x200013e8      0x180 build/cmsis_os2.o
 .bss.KernelState
                0x20001568        0x4 build/cmsis_os2.o
 .bss.xBlockAllocatedBit
                0x2000156c        0x4 build/heap_4.o
 .bss.xNumberOfSuccessfulFrees
                0x20001570        0x4 build/heap_4.o
 .bss.xNumberOfSuccessfulAllocations
                0x20001574        0x4 build/heap_4.o
 .bss.xMinimumEverFreeBytesRemaining
                0x20001578        0x4 build/heap_4.o
 .bss.xFreeBytesRemaining
                0x2000157c        0x4 build/heap_4.o
 .bss.pxEnd     0x20001580        0x4 build/heap_4.o
 .bss.xStart    0x20001584        0x8 build/heap_4.o
 .bss.ucHeap    0x2000158c     0x3c00 build/heap_4.o
 .bss.ulMaxPRIGROUPValue
                0x2000518c        0x4 build/port.o
 .bss.ucMaxSysCallPriority
                0x20005190        0x1 build/port.o
 *fill*         0x20005191        0x3 
 .bss.__sf      0x20005194      0x138 C:/Program Files (x86)/Arm GNU Toolchain arm-none-eabi/13.2 Rel1/bin/../lib/gcc/arm-none-eabi/13.2.1/thumb/v7e-m+fp/hard\libc_nano.a(libc_a-findfp.o)
                0x20005194                __sf
 .bss.__lock___malloc_recursive_mutex
                0x200052cc        0x1 C:/Program Files (x86)/Arm GNU Toolchain arm-none-eabi/13.2 Rel1/bin/../lib/gcc/arm-none-eabi/13.2.1/thumb/v7e-m+fp/hard\libc_nano.a(libc_a-lock.o)
                0x200052cc                __lock___malloc_recursive_mutex
 *fill*         0x200052cd        0x3 
 .bss.__malloc_free_list
                0x200052d0        0x4 C:/Program Files (x86)/Arm GNU Toolchain arm-none-eabi/13.2 Rel1/bin/../lib/gcc/arm-none-eabi/13.2.1/thumb/v7e-m+fp/hard\libc_nano.a(libc_a-mallocr.o)
                0x200052d0                __malloc_free_list
 *(COMMON)
                0x200052d4                        . = ALIGN (0x4)
                0x200052d4                        _ebss = .
                0x200052d4                        __bss_end__ = _ebss

._user_heap_stack
                0x200052d4      0x604 load address 0x08004224
                0x200052d8                        . = ALIGN (0x8)
 *fill*         0x200052d4        0x4 
                0x200052d8                        PROVIDE (end = .)
                [!provide]                        PROVIDE (_end = .)
                0x200054d8                        . = (. + _Min_Heap_Size)
 *fill*         0x200052d8      0x200 
                0x200058d8                        . = (. + _Min_Stack_Size)
 *fill*         0x200054d8      0x400 
                0x200058d8                        . = ALIGN (0x8)

/DISCARD/
 libc.a(*)
 libm.a(*)
 libgcc.a(*)

.ARM.attributes
                0x00000000       0x30
 *(.ARM.attributes)
 .ARM.attributes
                0x00000000       0x22 C:/Program Files (x86)/Arm GNU Toolchain arm-none-eabi/13.2 Rel1/bin/../lib/gcc/arm-none-eabi/13.2.1/thumb/v7e-m+fp/hard/crti.o
 .ARM.attributes
                0x00000022       0x34 C:/Program Files (x86)/Arm GNU Toolchain arm-none-eabi/13.2 Rel1/bin/../lib/gcc/arm-none-eabi/13.2.1/thumb/v7e-m+fp/hard/crtbegin.o
 .ARM.attributes
                0x00000056       0x34 build/main.o
 .ARM.attributes
                0x0000008a       0x34 build/stm32f4xx_it.o
 .ARM.attributes
                0x000000be       0x34 build/stm32f4xx_hal_msp.o
 .ARM.attributes
                0x000000f2       0x34 build/stm32f4xx_hal_timebase_tim.o
 .ARM.attributes
                0x00000126       0x34 build/stm32f4xx_hal_rcc.o
 .ARM.attributes
                0x0000015a       0x34 build/stm32f4xx_hal_rcc_ex.o
 .ARM.attributes
                0x0000018e       0x34 build/stm32f4xx_hal_gpio.o
 .ARM.attributes
                0x000001c2       0x34 build/stm32f4xx_hal_cortex.o
 .ARM.attributes
                0x000001f6       0x34 build/stm32f4xx_hal.o
 .ARM.attributes
                0x0000022a       0x34 build/stm32f4xx_hal_tim.o
 .ARM.attributes
                0x0000025e       0x34 build/stm32f4xx_hal_tim_ex.o
 .ARM.attributes
                0x00000292       0x34 build/stm32f4xx_hal_uart.o
 .ARM.attributes
                0x000002c6       0x34 build/stm32f4xx_hal_pcd.o
 .ARM.attributes
                0x000002fa       0x34 build/stm32f4xx_hal_pcd_ex.o
 .ARM.attributes
                0x0000032e       0x34 build/stm32f4xx_ll_usb.o
 .ARM.attributes
                0x00000362       0x34 build/system_stm32f4xx.o
 .ARM.attributes
                0x00000396       0x34 build/list.o
 .ARM.attributes
                0x000003ca       0x34 build/queue.o
 .ARM.attributes
                0x000003fe       0x34 build/tasks.o
 .ARM.attributes
                0x00000432       0x34 build/timers.o
 .ARM.attributes
                0x00000466       0x34 build/cmsis_os2.o
 .ARM.attributes
                0x0000049a       0x34 build/heap_4.o
 .ARM.attributes
                0x000004ce       0x34 build/port.o
 .ARM.attributes
                0x00000502       0x21 build/startup_stm32f413xx.o
 .ARM.attributes
                0x00000523       0x34 C:/Program Files (x86)/Arm GNU Toolchain arm-none-eabi/13.2 Rel1/bin/../lib/gcc/arm-none-eabi/13.2.1/thumb/v7e-m+fp/hard\libc_nano.a(libc_a-findfp.o)
 .ARM.attributes
                0x00000557       0x34 C:/Program Files (x86)/Arm GNU Toolchain arm-none-eabi/13.2 Rel1/bin/../lib/gcc/arm-none-eabi/13.2.1/thumb/v7e-m+fp/hard\libc_nano.a(libc_a-memset.o)
 .ARM.attributes
                0x0000058b       0x34 C:/Program Files (x86)/Arm GNU Toolchain arm-none-eabi/13.2 Rel1/bin/../lib/gcc/arm-none-eabi/13.2.1/thumb/v7e-m+fp/hard\libc_nano.a(libc_a-reent.o)
 .ARM.attributes
                0x000005bf       0x34 C:/Program Files (x86)/Arm GNU Toolchain arm-none-eabi/13.2 Rel1/bin/../lib/gcc/arm-none-eabi/13.2.1/thumb/v7e-m+fp/hard\libc_nano.a(libc_a-impure.o)
 .ARM.attributes
                0x000005f3       0x34 C:/Program Files (x86)/Arm GNU Toolchain arm-none-eabi/13.2 Rel1/bin/../lib/gcc/arm-none-eabi/13.2.1/thumb/v7e-m+fp/hard\libc_nano.a(libc_a-init.o)
 .ARM.attributes
                0x00000627       0x34 C:/Program Files (x86)/Arm GNU Toolchain arm-none-eabi/13.2 Rel1/bin/../lib/gcc/arm-none-eabi/13.2.1/thumb/v7e-m+fp/hard\libc_nano.a(libc_a-lock.o)
 .ARM.attributes
                0x0000065b       0x34 C:/Program Files (x86)/Arm GNU Toolchain arm-none-eabi/13.2 Rel1/bin/../lib/gcc/arm-none-eabi/13.2.1/thumb/v7e-m+fp/hard\libc_nano.a(libc_a-memcpy-stub.o)
 .ARM.attributes
                0x0000068f       0x34 C:/Program Files (x86)/Arm GNU Toolchain arm-none-eabi/13.2 Rel1/bin/../lib/gcc/arm-none-eabi/13.2.1/thumb/v7e-m+fp/hard\libc_nano.a(libc_a-freer.o)
 .ARM.attributes
                0x000006c3       0x34 C:/Program Files (x86)/Arm GNU Toolchain arm-none-eabi/13.2 Rel1/bin/../lib/gcc/arm-none-eabi/13.2.1/thumb/v7e-m+fp/hard\libc_nano.a(libc_a-mallocr.o)
 .ARM.attributes
                0x000006f7       0x34 C:/Program Files (x86)/Arm GNU Toolchain arm-none-eabi/13.2 Rel1/bin/../lib/gcc/arm-none-eabi/13.2.1/thumb/v7e-m+fp/hard\libc_nano.a(libc_a-mlock.o)
 .ARM.attributes
                0x0000072b       0x22 C:/Program Files (x86)/Arm GNU Toolchain arm-none-eabi/13.2 Rel1/bin/../lib/gcc/arm-none-eabi/13.2.1/thumb/v7e-m+fp/hard\libgcc.a(_aeabi_uldivmod.o)
 .ARM.attributes
                0x0000074d       0x34 C:/Program Files (x86)/Arm GNU Toolchain arm-none-eabi/13.2 Rel1/bin/../lib/gcc/arm-none-eabi/13.2.1/thumb/v7e-m+fp/hard\libgcc.a(_udivmoddi4.o)
 .ARM.attributes
                0x00000781       0x22 C:/Program Files (x86)/Arm GNU Toolchain arm-none-eabi/13.2 Rel1/bin/../lib/gcc/arm-none-eabi/13.2.1/thumb/v7e-m+fp/hard\libgcc.a(_dvmd_tls.o)
 .ARM.attributes
                0x000007a3       0x34 C:/Program Files (x86)/Arm GNU Toolchain arm-none-eabi/13.2 Rel1/bin/../lib/gcc/arm-none-eabi/13.2.1/thumb/v7e-m+fp/hard/crtend.o
 .ARM.attributes
                0x000007d7       0x22 C:/Program Files (x86)/Arm GNU Toolchain arm-none-eabi/13.2 Rel1/bin/../lib/gcc/arm-none-eabi/13.2.1/thumb/v7e-m+fp/hard/crtn.o
OUTPUT(build/F413-freertos-test.elf elf32-littlearm)
LOAD linker stubs
LOAD C:/Program Files (x86)/Arm GNU Toolchain arm-none-eabi/13.2 Rel1/bin/../lib/gcc/arm-none-eabi/13.2.1/thumb/v7e-m+fp/hard\libc.a
LOAD C:/Program Files (x86)/Arm GNU Toolchain arm-none-eabi/13.2 Rel1/bin/../lib/gcc/arm-none-eabi/13.2.1/thumb/v7e-m+fp/hard\libm.a
LOAD C:/Program Files (x86)/Arm GNU Toolchain arm-none-eabi/13.2 Rel1/bin/../lib/gcc/arm-none-eabi/13.2.1/thumb/v7e-m+fp/hard\libgcc.a

.debug_info     0x00000000    0x276b2
 .debug_info    0x00000000     0x1d9c build/main.o
 .debug_info    0x00001d9c      0x7b1 build/stm32f4xx_it.o
 .debug_info    0x0000254d     0x166f build/stm32f4xx_hal_msp.o
 .debug_info    0x00003bbc      0xe76 build/stm32f4xx_hal_timebase_tim.o
 .debug_info    0x00004a32      0xc5d build/stm32f4xx_hal_rcc.o
 .debug_info    0x0000568f      0xb59 build/stm32f4xx_hal_rcc_ex.o
 .debug_info    0x000061e8      0x8cc build/stm32f4xx_hal_gpio.o
 .debug_info    0x00006ab4     0x11f3 build/stm32f4xx_hal_cortex.o
 .debug_info    0x00007ca7      0xb8c build/stm32f4xx_hal.o
 .debug_info    0x00008833     0x41a0 build/stm32f4xx_hal_tim.o
 .debug_info    0x0000c9d3     0x20b9 build/stm32f4xx_hal_tim_ex.o
 .debug_info    0x0000ea8c     0x439d build/stm32f4xx_hal_uart.o
 .debug_info    0x00012e29     0x2006 build/stm32f4xx_hal_pcd.o
 .debug_info    0x00014e2f      0xb01 build/stm32f4xx_hal_pcd_ex.o
 .debug_info    0x00015930     0x2269 build/stm32f4xx_ll_usb.o
 .debug_info    0x00017b99      0x5f7 build/system_stm32f4xx.o
 .debug_info    0x00018190      0x30f build/list.o
 .debug_info    0x0001849f     0x2a48 build/queue.o
 .debug_info    0x0001aee7     0x3bc5 build/tasks.o
 .debug_info    0x0001eaac     0x24a0 build/timers.o
 .debug_info    0x00020f4c     0x5b68 build/cmsis_os2.o
 .debug_info    0x00026ab4      0x60c build/heap_4.o
 .debug_info    0x000270c0      0x5c2 build/port.o
 .debug_info    0x00027682       0x30 build/startup_stm32f413xx.o

.debug_abbrev   0x00000000     0x4293
 .debug_abbrev  0x00000000      0x33e build/main.o
 .debug_abbrev  0x0000033e      0x17d build/stm32f4xx_it.o
 .debug_abbrev  0x000004bb      0x221 build/stm32f4xx_hal_msp.o
 .debug_abbrev  0x000006dc      0x22d build/stm32f4xx_hal_timebase_tim.o
 .debug_abbrev  0x00000909      0x2de build/stm32f4xx_hal_rcc.o
 .debug_abbrev  0x00000be7      0x216 build/stm32f4xx_hal_rcc_ex.o
 .debug_abbrev  0x00000dfd      0x22b build/stm32f4xx_hal_gpio.o
 .debug_abbrev  0x00001028      0x3d3 build/stm32f4xx_hal_cortex.o
 .debug_abbrev  0x000013fb      0x244 build/stm32f4xx_hal.o
 .debug_abbrev  0x0000163f      0x2bd build/stm32f4xx_hal_tim.o
 .debug_abbrev  0x000018fc      0x2d1 build/stm32f4xx_hal_tim_ex.o
 .debug_abbrev  0x00001bcd      0x36f build/stm32f4xx_hal_uart.o
 .debug_abbrev  0x00001f3c      0x2fe build/stm32f4xx_hal_pcd.o
 .debug_abbrev  0x0000223a      0x287 build/stm32f4xx_hal_pcd_ex.o
 .debug_abbrev  0x000024c1      0x344 build/stm32f4xx_ll_usb.o
 .debug_abbrev  0x00002805      0x11b build/system_stm32f4xx.o
 .debug_abbrev  0x00002920      0x124 build/list.o
 .debug_abbrev  0x00002a44      0x431 build/queue.o
 .debug_abbrev  0x00002e75      0x4b5 build/tasks.o
 .debug_abbrev  0x0000332a      0x40e build/timers.o
 .debug_abbrev  0x00003738      0x615 build/cmsis_os2.o
 .debug_abbrev  0x00003d4d      0x27a build/heap_4.o
 .debug_abbrev  0x00003fc7      0x2af build/port.o
 .debug_abbrev  0x00004276       0x1d build/startup_stm32f413xx.o

.debug_loc      0x00000000    0x215a9
 .debug_loc     0x00000000      0x1e3 build/main.o
 .debug_loc     0x000001e3       0x20 build/stm32f4xx_it.o
 .debug_loc     0x00000203      0x254 build/stm32f4xx_hal_msp.o
 .debug_loc     0x00000457      0x15d build/stm32f4xx_hal_timebase_tim.o
 .debug_loc     0x000005b4      0x720 build/stm32f4xx_hal_rcc.o
 .debug_loc     0x00000cd4      0xb66 build/stm32f4xx_hal_rcc_ex.o
 .debug_loc     0x0000183a      0x60b build/stm32f4xx_hal_gpio.o
 .debug_loc     0x00001e45      0x8ff build/stm32f4xx_hal_cortex.o
 .debug_loc     0x00002744      0x1f9 build/stm32f4xx_hal.o
 .debug_loc     0x0000293d     0x6097 build/stm32f4xx_hal_tim.o
 .debug_loc     0x000089d4     0x2347 build/stm32f4xx_hal_tim_ex.o
 .debug_loc     0x0000ad1b     0x5001 build/stm32f4xx_hal_uart.o
 .debug_loc     0x0000fd1c     0x1832 build/stm32f4xx_hal_pcd.o
 .debug_loc     0x0001154e      0x2c7 build/stm32f4xx_hal_pcd_ex.o
 .debug_loc     0x00011815     0x29b0 build/stm32f4xx_ll_usb.o
 .debug_loc     0x000141c5      0x181 build/system_stm32f4xx.o
 .debug_loc     0x00014346       0xeb build/list.o
 .debug_loc     0x00014431     0x20d9 build/queue.o
 .debug_loc     0x0001650a     0x2c2b build/tasks.o
 .debug_loc     0x00019135     0x16fe build/timers.o
 .debug_loc     0x0001a833     0x6694 build/cmsis_os2.o
 .debug_loc     0x00020ec7      0x51c build/heap_4.o
 .debug_loc     0x000213e3      0x1c6 build/port.o

.debug_aranges  0x00000000     0x1718
 .debug_aranges
                0x00000000       0x60 build/main.o
 .debug_aranges
                0x00000060       0x50 build/stm32f4xx_it.o
 .debug_aranges
                0x000000b0       0x40 build/stm32f4xx_hal_msp.o
 .debug_aranges
                0x000000f0       0x30 build/stm32f4xx_hal_timebase_tim.o
 .debug_aranges
                0x00000120       0x88 build/stm32f4xx_hal_rcc.o
 .debug_aranges
                0x000001a8       0x60 build/stm32f4xx_hal_rcc_ex.o
 .debug_aranges
                0x00000208       0x58 build/stm32f4xx_hal_gpio.o
 .debug_aranges
                0x00000260       0xe8 build/stm32f4xx_hal_cortex.o
 .debug_aranges
                0x00000348       0xf0 build/stm32f4xx_hal.o
 .debug_aranges
                0x00000438      0x3d0 build/stm32f4xx_hal_tim.o
 .debug_aranges
                0x00000808      0x168 build/stm32f4xx_hal_tim_ex.o
 .debug_aranges
                0x00000970      0x208 build/stm32f4xx_hal_uart.o
 .debug_aranges
                0x00000b78      0x148 build/stm32f4xx_hal_pcd.o
 .debug_aranges
                0x00000cc0       0x60 build/stm32f4xx_hal_pcd_ex.o
 .debug_aranges
                0x00000d20      0x1a0 build/stm32f4xx_ll_usb.o
 .debug_aranges
                0x00000ec0       0x28 build/system_stm32f4xx.o
 .debug_aranges
                0x00000ee8       0x40 build/list.o
 .debug_aranges
                0x00000f28      0x158 build/queue.o
 .debug_aranges
                0x00001080      0x208 build/tasks.o
 .debug_aranges
                0x00001288       0xf0 build/timers.o
 .debug_aranges
                0x00001378      0x2a0 build/cmsis_os2.o
 .debug_aranges
                0x00001618       0x58 build/heap_4.o
 .debug_aranges
                0x00001670       0x80 build/port.o
 .debug_aranges
                0x000016f0       0x28 build/startup_stm32f413xx.o

.debug_ranges   0x00000000     0x1810
 .debug_ranges  0x00000000       0x50 build/main.o
 .debug_ranges  0x00000050       0x40 build/stm32f4xx_it.o
 .debug_ranges  0x00000090       0x30 build/stm32f4xx_hal_msp.o
 .debug_ranges  0x000000c0       0x20 build/stm32f4xx_hal_timebase_tim.o
 .debug_ranges  0x000000e0       0x90 build/stm32f4xx_hal_rcc.o
 .debug_ranges  0x00000170       0x68 build/stm32f4xx_hal_rcc_ex.o
 .debug_ranges  0x000001d8       0x48 build/stm32f4xx_hal_gpio.o
 .debug_ranges  0x00000220       0xd8 build/stm32f4xx_hal_cortex.o
 .debug_ranges  0x000002f8       0xe0 build/stm32f4xx_hal.o
 .debug_ranges  0x000003d8      0x3c0 build/stm32f4xx_hal_tim.o
 .debug_ranges  0x00000798      0x158 build/stm32f4xx_hal_tim_ex.o
 .debug_ranges  0x000008f0      0x210 build/stm32f4xx_hal_uart.o
 .debug_ranges  0x00000b00      0x138 build/stm32f4xx_hal_pcd.o
 .debug_ranges  0x00000c38       0x50 build/stm32f4xx_hal_pcd_ex.o
 .debug_ranges  0x00000c88      0x190 build/stm32f4xx_ll_usb.o
 .debug_ranges  0x00000e18       0x18 build/system_stm32f4xx.o
 .debug_ranges  0x00000e30       0x30 build/list.o
 .debug_ranges  0x00000e60      0x218 build/queue.o
 .debug_ranges  0x00001078      0x338 build/tasks.o
 .debug_ranges  0x000013b0       0xe0 build/timers.o
 .debug_ranges  0x00001490      0x290 build/cmsis_os2.o
 .debug_ranges  0x00001720       0x48 build/heap_4.o
 .debug_ranges  0x00001768       0x88 build/port.o
 .debug_ranges  0x000017f0       0x20 build/startup_stm32f413xx.o

.debug_line     0x00000000    0x1a3fa
 .debug_line    0x00000000      0x61e build/main.o
 .debug_line    0x0000061e      0x25f build/stm32f4xx_it.o
 .debug_line    0x0000087d      0x3f7 build/stm32f4xx_hal_msp.o
 .debug_line    0x00000c74      0x310 build/stm32f4xx_hal_timebase_tim.o
 .debug_line    0x00000f84      0xbac build/stm32f4xx_hal_rcc.o
 .debug_line    0x00001b30     0x1039 build/stm32f4xx_hal_rcc_ex.o
 .debug_line    0x00002b69      0x701 build/stm32f4xx_hal_gpio.o
 .debug_line    0x0000326a      0x82f build/stm32f4xx_hal_cortex.o
 .debug_line    0x00003a99      0x587 build/stm32f4xx_hal.o
 .debug_line    0x00004020     0x478e build/stm32f4xx_hal_tim.o
 .debug_line    0x000087ae     0x1b06 build/stm32f4xx_hal_tim_ex.o
 .debug_line    0x0000a2b4     0x34e9 build/stm32f4xx_hal_uart.o
 .debug_line    0x0000d79d     0x14bd build/stm32f4xx_hal_pcd.o
 .debug_line    0x0000ec5a      0x4d0 build/stm32f4xx_hal_pcd_ex.o
 .debug_line    0x0000f12a     0x1ec3 build/stm32f4xx_ll_usb.o
 .debug_line    0x00010fed      0x26e build/system_stm32f4xx.o
 .debug_line    0x0001125b      0x375 build/list.o
 .debug_line    0x000115d0     0x1d30 build/queue.o
 .debug_line    0x00013300     0x2887 build/tasks.o
 .debug_line    0x00015b87      0xe3f build/timers.o
 .debug_line    0x000169c6     0x2c4b build/cmsis_os2.o
 .debug_line    0x00019611      0x733 build/heap_4.o
 .debug_line    0x00019d44      0x643 build/port.o
 .debug_line    0x0001a387       0x73 build/startup_stm32f413xx.o

.debug_str      0x00000000     0x84ef
 .debug_str     0x00000000     0x84ef build/main.o
                               0x167c (size before relaxing)
 .debug_str     0x000084ef      0x73c build/stm32f4xx_it.o
 .debug_str     0x000084ef     0x13b9 build/stm32f4xx_hal_msp.o
 .debug_str     0x000084ef      0xf28 build/stm32f4xx_hal_timebase_tim.o
 .debug_str     0x000084ef      0x715 build/stm32f4xx_hal_rcc.o
 .debug_str     0x000084ef      0x73d build/stm32f4xx_hal_rcc_ex.o
 .debug_str     0x000084ef      0x4f9 build/stm32f4xx_hal_gpio.o
 .debug_str     0x000084ef      0xcdb build/stm32f4xx_hal_cortex.o
 .debug_str     0x000084ef      0xc20 build/stm32f4xx_hal.o
 .debug_str     0x000084ef     0x16e5 build/stm32f4xx_hal_tim.o
 .debug_str     0x000084ef     0x1026 build/stm32f4xx_hal_tim_ex.o
 .debug_str     0x000084ef      0xd81 build/stm32f4xx_hal_uart.o
 .debug_str     0x000084ef      0xe43 build/stm32f4xx_hal_pcd.o
 .debug_str     0x000084ef      0x7fa build/stm32f4xx_hal_pcd_ex.o
 .debug_str     0x000084ef      0xd4d build/stm32f4xx_ll_usb.o
 .debug_str     0x000084ef      0x37f build/system_stm32f4xx.o
 .debug_str     0x000084ef      0x2e8 build/list.o
 .debug_str     0x000084ef      0xcfe build/queue.o
 .debug_str     0x000084ef     0x161b build/tasks.o
 .debug_str     0x000084ef      0xf3d build/timers.o
 .debug_str     0x000084ef     0x256a build/cmsis_os2.o
 .debug_str     0x000084ef      0x501 build/heap_4.o
 .debug_str     0x000084ef      0x468 build/port.o
 .debug_str     0x000084ef       0x68 build/startup_stm32f413xx.o

.comment        0x00000000       0x44
 .comment       0x00000000       0x44 build/main.o
                                 0x45 (size before relaxing)
 .comment       0x00000044       0x45 build/stm32f4xx_it.o
 .comment       0x00000044       0x45 build/stm32f4xx_hal_msp.o
 .comment       0x00000044       0x45 build/stm32f4xx_hal_timebase_tim.o
 .comment       0x00000044       0x45 build/stm32f4xx_hal_rcc.o
 .comment       0x00000044       0x45 build/stm32f4xx_hal_rcc_ex.o
 .comment       0x00000044       0x45 build/stm32f4xx_hal_gpio.o
 .comment       0x00000044       0x45 build/stm32f4xx_hal_cortex.o
 .comment       0x00000044       0x45 build/stm32f4xx_hal.o
 .comment       0x00000044       0x45 build/stm32f4xx_hal_tim.o
 .comment       0x00000044       0x45 build/stm32f4xx_hal_tim_ex.o
 .comment       0x00000044       0x45 build/stm32f4xx_hal_uart.o
 .comment       0x00000044       0x45 build/stm32f4xx_hal_pcd.o
 .comment       0x00000044       0x45 build/stm32f4xx_hal_pcd_ex.o
 .comment       0x00000044       0x45 build/stm32f4xx_ll_usb.o
 .comment       0x00000044       0x45 build/system_stm32f4xx.o
 .comment       0x00000044       0x45 build/list.o
 .comment       0x00000044       0x45 build/queue.o
 .comment       0x00000044       0x45 build/tasks.o
 .comment       0x00000044       0x45 build/timers.o
 .comment       0x00000044       0x45 build/cmsis_os2.o
 .comment       0x00000044       0x45 build/heap_4.o
 .comment       0x00000044       0x45 build/port.o

.debug_frame    0x00000000     0x44a0
 .debug_frame   0x00000000       0xf4 build/main.o
 .debug_frame   0x000000f4       0x88 build/stm32f4xx_it.o
 .debug_frame   0x0000017c       0xa4 build/stm32f4xx_hal_msp.o
 .debug_frame   0x00000220       0x54 build/stm32f4xx_hal_timebase_tim.o
 .debug_frame   0x00000274      0x16c build/stm32f4xx_hal_rcc.o
 .debug_frame   0x000003e0      0x100 build/stm32f4xx_hal_rcc_ex.o
 .debug_frame   0x000004e0       0xd8 build/stm32f4xx_hal_gpio.o
 .debug_frame   0x000005b8      0x1f4 build/stm32f4xx_hal_cortex.o
 .debug_frame   0x000007ac      0x1ec build/stm32f4xx_hal.o
 .debug_frame   0x00000998      0xb10 build/stm32f4xx_hal_tim.o
 .debug_frame   0x000014a8      0x420 build/stm32f4xx_hal_tim_ex.o
 .debug_frame   0x000018c8      0x5dc build/stm32f4xx_hal_uart.o
 .debug_frame   0x00001ea4      0x388 build/stm32f4xx_hal_pcd.o
 .debug_frame   0x0000222c       0xb8 build/stm32f4xx_hal_pcd_ex.o
 .debug_frame   0x000022e4      0x490 build/stm32f4xx_ll_usb.o
 .debug_frame   0x00002774       0x30 build/system_stm32f4xx.o
 .debug_frame   0x000027a4       0x70 build/list.o
 .debug_frame   0x00002814      0x458 build/queue.o
 .debug_frame   0x00002c6c      0x684 build/tasks.o
 .debug_frame   0x000032f0      0x30c build/timers.o
 .debug_frame   0x000035fc      0x90c build/cmsis_os2.o
 .debug_frame   0x00003f08       0xd0 build/heap_4.o
 .debug_frame   0x00003fd8      0x110 build/port.o
 .debug_frame   0x000040e8      0x144 C:/Program Files (x86)/Arm GNU Toolchain arm-none-eabi/13.2 Rel1/bin/../lib/gcc/arm-none-eabi/13.2.1/thumb/v7e-m+fp/hard\libc_nano.a(libc_a-findfp.o)
 .debug_frame   0x0000422c       0x20 C:/Program Files (x86)/Arm GNU Toolchain arm-none-eabi/13.2 Rel1/bin/../lib/gcc/arm-none-eabi/13.2.1/thumb/v7e-m+fp/hard\libc_nano.a(libc_a-memset.o)
 .debug_frame   0x0000424c       0x38 C:/Program Files (x86)/Arm GNU Toolchain arm-none-eabi/13.2 Rel1/bin/../lib/gcc/arm-none-eabi/13.2.1/thumb/v7e-m+fp/hard\libc_nano.a(libc_a-reent.o)
 .debug_frame   0x00004284       0x2c C:/Program Files (x86)/Arm GNU Toolchain arm-none-eabi/13.2 Rel1/bin/../lib/gcc/arm-none-eabi/13.2.1/thumb/v7e-m+fp/hard\libc_nano.a(libc_a-init.o)
 .debug_frame   0x000042b0       0xb0 C:/Program Files (x86)/Arm GNU Toolchain arm-none-eabi/13.2 Rel1/bin/../lib/gcc/arm-none-eabi/13.2.1/thumb/v7e-m+fp/hard\libc_nano.a(libc_a-lock.o)
 .debug_frame   0x00004360       0x28 C:/Program Files (x86)/Arm GNU Toolchain arm-none-eabi/13.2 Rel1/bin/../lib/gcc/arm-none-eabi/13.2.1/thumb/v7e-m+fp/hard\libc_nano.a(libc_a-memcpy-stub.o)
 .debug_frame   0x00004388       0x38 C:/Program Files (x86)/Arm GNU Toolchain arm-none-eabi/13.2 Rel1/bin/../lib/gcc/arm-none-eabi/13.2.1/thumb/v7e-m+fp/hard\libc_nano.a(libc_a-freer.o)
 .debug_frame   0x000043c0       0x50 C:/Program Files (x86)/Arm GNU Toolchain arm-none-eabi/13.2 Rel1/bin/../lib/gcc/arm-none-eabi/13.2.1/thumb/v7e-m+fp/hard\libc_nano.a(libc_a-mallocr.o)
 .debug_frame   0x00004410       0x30 C:/Program Files (x86)/Arm GNU Toolchain arm-none-eabi/13.2 Rel1/bin/../lib/gcc/arm-none-eabi/13.2.1/thumb/v7e-m+fp/hard\libc_nano.a(libc_a-mlock.o)
 .debug_frame   0x00004440       0x2c C:/Program Files (x86)/Arm GNU Toolchain arm-none-eabi/13.2 Rel1/bin/../lib/gcc/arm-none-eabi/13.2.1/thumb/v7e-m+fp/hard\libgcc.a(_aeabi_uldivmod.o)
 .debug_frame   0x0000446c       0x34 C:/Program Files (x86)/Arm GNU Toolchain arm-none-eabi/13.2 Rel1/bin/../lib/gcc/arm-none-eabi/13.2.1/thumb/v7e-m+fp/hard\libgcc.a(_udivmoddi4.o)

.debug_line_str
                0x00000000       0xd5
 .debug_line_str
                0x00000000       0xd5 C:/Program Files (x86)/Arm GNU Toolchain arm-none-eabi/13.2 Rel1/bin/../lib/gcc/arm-none-eabi/13.2.1/thumb/v7e-m+fp/hard\libgcc.a(_aeabi_uldivmod.o)
                                 0xc9 (size before relaxing)
 .debug_line_str
                0x000000d5       0xcd C:/Program Files (x86)/Arm GNU Toolchain arm-none-eabi/13.2 Rel1/bin/../lib/gcc/arm-none-eabi/13.2.1/thumb/v7e-m+fp/hard\libgcc.a(_dvmd_tls.o)

Cross Reference Table

Symbol                                            File
ADC_IRQHandler                                    build/startup_stm32f413xx.o
AHBPrescTable                                     build/system_stm32f4xx.o
                                                  build/stm32f4xx_hal_rcc.o
APBPrescTable                                     build/system_stm32f4xx.o
                                                  build/stm32f4xx_hal_rcc.o
BusFault_Handler                                  build/stm32f4xx_it.o
CAN1_RX0_IRQHandler                               build/startup_stm32f413xx.o
CAN1_RX1_IRQHandler                               build/startup_stm32f413xx.o
CAN1_SCE_IRQHandler                               build/startup_stm32f413xx.o
CAN1_TX_IRQHandler                                build/startup_stm32f413xx.o
CAN2_RX0_IRQHandler                               build/startup_stm32f413xx.o
CAN2_RX1_IRQHandler                               build/startup_stm32f413xx.o
CAN2_SCE_IRQHandler                               build/startup_stm32f413xx.o
CAN2_TX_IRQHandler                                build/startup_stm32f413xx.o
CAN3_RX0_IRQHandler                               build/startup_stm32f413xx.o
CAN3_RX1_IRQHandler                               build/startup_stm32f413xx.o
CAN3_SCE_IRQHandler                               build/startup_stm32f413xx.o
CAN3_TX_IRQHandler                                build/startup_stm32f413xx.o
DFSDM1_FLT0_IRQHandler                            build/startup_stm32f413xx.o
DFSDM1_FLT1_IRQHandler                            build/startup_stm32f413xx.o
DFSDM2_FLT0_IRQHandler                            build/startup_stm32f413xx.o
DFSDM2_FLT1_IRQHandler                            build/startup_stm32f413xx.o
DFSDM2_FLT2_IRQHandler                            build/startup_stm32f413xx.o
DFSDM2_FLT3_IRQHandler                            build/startup_stm32f413xx.o
DMA1_Stream0_IRQHandler                           build/startup_stm32f413xx.o
DMA1_Stream1_IRQHandler                           build/startup_stm32f413xx.o
DMA1_Stream2_IRQHandler                           build/startup_stm32f413xx.o
DMA1_Stream3_IRQHandler                           build/startup_stm32f413xx.o
DMA1_Stream4_IRQHandler                           build/startup_stm32f413xx.o
DMA1_Stream5_IRQHandler                           build/startup_stm32f413xx.o
DMA1_Stream6_IRQHandler                           build/startup_stm32f413xx.o
DMA1_Stream7_IRQHandler                           build/startup_stm32f413xx.o
DMA2_Stream0_IRQHandler                           build/startup_stm32f413xx.o
DMA2_Stream1_IRQHandler                           build/startup_stm32f413xx.o
DMA2_Stream2_IRQHandler                           build/startup_stm32f413xx.o
DMA2_Stream3_IRQHandler                           build/startup_stm32f413xx.o
DMA2_Stream4_IRQHandler                           build/startup_stm32f413xx.o
DMA2_Stream5_IRQHandler                           build/startup_stm32f413xx.o
DMA2_Stream6_IRQHandler                           build/startup_stm32f413xx.o
DMA2_Stream7_IRQHandler                           build/startup_stm32f413xx.o
DebugMon_Handler                                  build/stm32f4xx_it.o
Default_Handler                                   build/startup_stm32f413xx.o
EXTI0_IRQHandler                                  build/startup_stm32f413xx.o
EXTI15_10_IRQHandler                              build/startup_stm32f413xx.o
EXTI1_IRQHandler                                  build/startup_stm32f413xx.o
EXTI2_IRQHandler                                  build/startup_stm32f413xx.o
EXTI3_IRQHandler                                  build/startup_stm32f413xx.o
EXTI4_IRQHandler                                  build/startup_stm32f413xx.o
EXTI9_5_IRQHandler                                build/startup_stm32f413xx.o
Error_Handler                                     build/main.o
                                                  build/stm32f4xx_hal_msp.o
FLASH_Erase_Sector                                build/stm32f4xx_hal_flash_ex.o
                                                  build/stm32f4xx_hal_flash.o
FLASH_FlushCaches                                 build/stm32f4xx_hal_flash_ex.o
                                                  build/stm32f4xx_hal_flash.o
FLASH_IRQHandler                                  build/startup_stm32f413xx.o
FLASH_WaitForLastOperation                        build/stm32f4xx_hal_flash.o
                                                  build/stm32f4xx_hal_flash_ex.o
FMPI2C1_ER_IRQHandler                             build/startup_stm32f413xx.o
FMPI2C1_EV_IRQHandler                             build/startup_stm32f413xx.o
FPU_IRQHandler                                    build/startup_stm32f413xx.o
FSMC_IRQHandler                                   build/startup_stm32f413xx.o
HAL_CORTEX_ClearEvent                             build/stm32f4xx_hal_cortex.o
HAL_DBGMCU_DisableDBGSleepMode                    build/stm32f4xx_hal.o
HAL_DBGMCU_DisableDBGStandbyMode                  build/stm32f4xx_hal.o
HAL_DBGMCU_DisableDBGStopMode                     build/stm32f4xx_hal.o
HAL_DBGMCU_EnableDBGSleepMode                     build/stm32f4xx_hal.o
HAL_DBGMCU_EnableDBGStandbyMode                   build/stm32f4xx_hal.o
HAL_DBGMCU_EnableDBGStopMode                      build/stm32f4xx_hal.o
HAL_DMAEx_ChangeMemory                            build/stm32f4xx_hal_dma_ex.o
HAL_DMAEx_MultiBufferStart                        build/stm32f4xx_hal_dma_ex.o
HAL_DMAEx_MultiBufferStart_IT                     build/stm32f4xx_hal_dma_ex.o
HAL_DMA_Abort                                     build/stm32f4xx_hal_dma.o
                                                  build/stm32f4xx_hal_uart.o
HAL_DMA_Abort_IT                                  build/stm32f4xx_hal_dma.o
                                                  build/stm32f4xx_hal_uart.o
                                                  build/stm32f4xx_hal_tim_ex.o
                                                  build/stm32f4xx_hal_tim.o
HAL_DMA_DeInit                                    build/stm32f4xx_hal_dma.o
HAL_DMA_GetError                                  build/stm32f4xx_hal_dma.o
                                                  build/stm32f4xx_hal_uart.o
HAL_DMA_GetState                                  build/stm32f4xx_hal_dma.o
HAL_DMA_IRQHandler                                build/stm32f4xx_hal_dma.o
HAL_DMA_Init                                      build/stm32f4xx_hal_dma.o
HAL_DMA_PollForTransfer                           build/stm32f4xx_hal_dma.o
HAL_DMA_RegisterCallback                          build/stm32f4xx_hal_dma.o
HAL_DMA_Start                                     build/stm32f4xx_hal_dma.o
HAL_DMA_Start_IT                                  build/stm32f4xx_hal_dma.o
                                                  build/stm32f4xx_hal_uart.o
                                                  build/stm32f4xx_hal_tim_ex.o
                                                  build/stm32f4xx_hal_tim.o
HAL_DMA_UnRegisterCallback                        build/stm32f4xx_hal_dma.o
HAL_DeInit                                        build/stm32f4xx_hal.o
HAL_Delay                                         build/stm32f4xx_hal.o
                                                  build/stm32f4xx_ll_usb.o
                                                  build/stm32f4xx_hal_pcd_ex.o
HAL_DisableCompensationCell                       build/stm32f4xx_hal.o
HAL_EXTI_ClearConfigLine                          build/stm32f4xx_hal_exti.o
HAL_EXTI_ClearPending                             build/stm32f4xx_hal_exti.o
HAL_EXTI_GenerateSWI                              build/stm32f4xx_hal_exti.o
HAL_EXTI_GetConfigLine                            build/stm32f4xx_hal_exti.o
HAL_EXTI_GetHandle                                build/stm32f4xx_hal_exti.o
HAL_EXTI_GetPending                               build/stm32f4xx_hal_exti.o
HAL_EXTI_IRQHandler                               build/stm32f4xx_hal_exti.o
HAL_EXTI_RegisterCallback                         build/stm32f4xx_hal_exti.o
HAL_EXTI_SetConfigLine                            build/stm32f4xx_hal_exti.o
HAL_EnableCompensationCell                        build/stm32f4xx_hal.o
HAL_FLASHEx_AdvOBGetConfig                        build/stm32f4xx_hal_flash_ex.o
HAL_FLASHEx_AdvOBProgram                          build/stm32f4xx_hal_flash_ex.o
HAL_FLASHEx_Erase                                 build/stm32f4xx_hal_flash_ex.o
HAL_FLASHEx_Erase_IT                              build/stm32f4xx_hal_flash_ex.o
HAL_FLASHEx_OBGetConfig                           build/stm32f4xx_hal_flash_ex.o
HAL_FLASHEx_OBProgram                             build/stm32f4xx_hal_flash_ex.o
HAL_FLASHEx_OB_DeSelectPCROP                      build/stm32f4xx_hal_flash_ex.o
HAL_FLASHEx_OB_SelectPCROP                        build/stm32f4xx_hal_flash_ex.o
HAL_FLASH_EndOfOperationCallback                  build/stm32f4xx_hal_flash.o
HAL_FLASH_GetError                                build/stm32f4xx_hal_flash.o
HAL_FLASH_IRQHandler                              build/stm32f4xx_hal_flash.o
HAL_FLASH_Lock                                    build/stm32f4xx_hal_flash.o
HAL_FLASH_OB_Launch                               build/stm32f4xx_hal_flash.o
HAL_FLASH_OB_Lock                                 build/stm32f4xx_hal_flash.o
HAL_FLASH_OB_Unlock                               build/stm32f4xx_hal_flash.o
HAL_FLASH_OperationErrorCallback                  build/stm32f4xx_hal_flash.o
HAL_FLASH_Program                                 build/stm32f4xx_hal_flash.o
HAL_FLASH_Program_IT                              build/stm32f4xx_hal_flash.o
HAL_FLASH_Unlock                                  build/stm32f4xx_hal_flash.o
HAL_GPIO_DeInit                                   build/stm32f4xx_hal_gpio.o
                                                  build/stm32f4xx_hal_msp.o
HAL_GPIO_EXTI_Callback                            build/stm32f4xx_hal_gpio.o
HAL_GPIO_EXTI_IRQHandler                          build/stm32f4xx_hal_gpio.o
HAL_GPIO_Init                                     build/stm32f4xx_hal_gpio.o
                                                  build/stm32f4xx_hal_rcc.o
                                                  build/stm32f4xx_hal_msp.o
                                                  build/main.o
HAL_GPIO_LockPin                                  build/stm32f4xx_hal_gpio.o
HAL_GPIO_ReadPin                                  build/stm32f4xx_hal_gpio.o
HAL_GPIO_TogglePin                                build/stm32f4xx_hal_gpio.o
                                                  build/main.o
HAL_GPIO_WritePin                                 build/stm32f4xx_hal_gpio.o
                                                  build/main.o
HAL_GetDEVID                                      build/stm32f4xx_hal.o
HAL_GetHalVersion                                 build/stm32f4xx_hal.o
HAL_GetREVID                                      build/stm32f4xx_hal.o
HAL_GetTick                                       build/stm32f4xx_hal.o
                                                  build/stm32f4xx_hal_pcd_ex.o
                                                  build/stm32f4xx_hal_uart.o
                                                  build/stm32f4xx_hal_pwr_ex.o
                                                  build/stm32f4xx_hal_dma.o
                                                  build/stm32f4xx_hal_flash.o
                                                  build/stm32f4xx_hal_rcc_ex.o
                                                  build/stm32f4xx_hal_rcc.o
HAL_GetTickFreq                                   build/stm32f4xx_hal.o
HAL_GetTickPrio                                   build/stm32f4xx_hal.o
HAL_GetUIDw0                                      build/stm32f4xx_hal.o
HAL_GetUIDw1                                      build/stm32f4xx_hal.o
HAL_GetUIDw2                                      build/stm32f4xx_hal.o
HAL_HalfDuplex_EnableReceiver                     build/stm32f4xx_hal_uart.o
HAL_HalfDuplex_EnableTransmitter                  build/stm32f4xx_hal_uart.o
HAL_HalfDuplex_Init                               build/stm32f4xx_hal_uart.o
HAL_IncTick                                       build/stm32f4xx_hal.o
                                                  build/main.o
HAL_Init                                          build/stm32f4xx_hal.o
                                                  build/main.o
HAL_InitTick                                      build/stm32f4xx_hal_timebase_tim.o
                                                  build/stm32f4xx_hal_rcc_ex.o
                                                  build/stm32f4xx_hal_rcc.o
HAL_LIN_Init                                      build/stm32f4xx_hal_uart.o
HAL_LIN_SendBreak                                 build/stm32f4xx_hal_uart.o
HAL_MPU_ConfigRegion                              build/stm32f4xx_hal_cortex.o
HAL_MPU_Disable                                   build/stm32f4xx_hal_cortex.o
HAL_MPU_Enable                                    build/stm32f4xx_hal_cortex.o
HAL_MspDeInit                                     build/stm32f4xx_hal.o
HAL_MspInit                                       build/stm32f4xx_hal_msp.o
HAL_MultiProcessor_EnterMuteMode                  build/stm32f4xx_hal_uart.o
HAL_MultiProcessor_ExitMuteMode                   build/stm32f4xx_hal_uart.o
HAL_MultiProcessor_Init                           build/stm32f4xx_hal_uart.o
HAL_NVIC_ClearPendingIRQ                          build/stm32f4xx_hal_cortex.o
HAL_NVIC_DisableIRQ                               build/stm32f4xx_hal_cortex.o
HAL_NVIC_EnableIRQ                                build/stm32f4xx_hal_cortex.o
                                                  build/stm32f4xx_hal_timebase_tim.o
HAL_NVIC_GetActive                                build/stm32f4xx_hal_cortex.o
HAL_NVIC_GetPendingIRQ                            build/stm32f4xx_hal_cortex.o
HAL_NVIC_GetPriority                              build/stm32f4xx_hal_cortex.o
HAL_NVIC_GetPriorityGrouping                      build/stm32f4xx_hal_cortex.o
HAL_NVIC_SetPendingIRQ                            build/stm32f4xx_hal_cortex.o
HAL_NVIC_SetPriority                              build/stm32f4xx_hal_cortex.o
                                                  build/stm32f4xx_hal.o
                                                  build/stm32f4xx_hal_timebase_tim.o
                                                  build/stm32f4xx_hal_msp.o
HAL_NVIC_SetPriorityGrouping                      build/stm32f4xx_hal_cortex.o
                                                  build/stm32f4xx_hal.o
HAL_NVIC_SystemReset                              build/stm32f4xx_hal_cortex.o
HAL_PCDEx_ActivateBCD                             build/stm32f4xx_hal_pcd_ex.o
HAL_PCDEx_ActivateLPM                             build/stm32f4xx_hal_pcd_ex.o
                                                  build/stm32f4xx_hal_pcd.o
HAL_PCDEx_BCD_Callback                            build/stm32f4xx_hal_pcd_ex.o
HAL_PCDEx_BCD_VBUSDetect                          build/stm32f4xx_hal_pcd_ex.o
HAL_PCDEx_DeActivateBCD                           build/stm32f4xx_hal_pcd_ex.o
HAL_PCDEx_DeActivateLPM                           build/stm32f4xx_hal_pcd_ex.o
HAL_PCDEx_LPM_Callback                            build/stm32f4xx_hal_pcd_ex.o
                                                  build/stm32f4xx_hal_pcd.o
HAL_PCDEx_SetRxFiFo                               build/stm32f4xx_hal_pcd_ex.o
HAL_PCDEx_SetTxFiFo                               build/stm32f4xx_hal_pcd_ex.o
HAL_PCD_ActivateRemoteWakeup                      build/stm32f4xx_hal_pcd.o
HAL_PCD_ConnectCallback                           build/stm32f4xx_hal_pcd.o
HAL_PCD_DataInStageCallback                       build/stm32f4xx_hal_pcd.o
HAL_PCD_DataOutStageCallback                      build/stm32f4xx_hal_pcd.o
HAL_PCD_DeActivateRemoteWakeup                    build/stm32f4xx_hal_pcd.o
HAL_PCD_DeInit                                    build/stm32f4xx_hal_pcd.o
HAL_PCD_DevConnect                                build/stm32f4xx_hal_pcd.o
HAL_PCD_DevDisconnect                             build/stm32f4xx_hal_pcd.o
HAL_PCD_DisconnectCallback                        build/stm32f4xx_hal_pcd.o
HAL_PCD_EP_Abort                                  build/stm32f4xx_hal_pcd.o
HAL_PCD_EP_Close                                  build/stm32f4xx_hal_pcd.o
HAL_PCD_EP_ClrStall                               build/stm32f4xx_hal_pcd.o
HAL_PCD_EP_Flush                                  build/stm32f4xx_hal_pcd.o
HAL_PCD_EP_GetRxCount                             build/stm32f4xx_hal_pcd.o
HAL_PCD_EP_Open                                   build/stm32f4xx_hal_pcd.o
HAL_PCD_EP_Receive                                build/stm32f4xx_hal_pcd.o
HAL_PCD_EP_SetStall                               build/stm32f4xx_hal_pcd.o
HAL_PCD_EP_Transmit                               build/stm32f4xx_hal_pcd.o
HAL_PCD_GetState                                  build/stm32f4xx_hal_pcd.o
HAL_PCD_IRQHandler                                build/stm32f4xx_hal_pcd.o
HAL_PCD_ISOINIncompleteCallback                   build/stm32f4xx_hal_pcd.o
HAL_PCD_ISOOUTIncompleteCallback                  build/stm32f4xx_hal_pcd.o
HAL_PCD_Init                                      build/stm32f4xx_hal_pcd.o
                                                  build/main.o
HAL_PCD_MspDeInit                                 build/stm32f4xx_hal_msp.o
HAL_PCD_MspInit                                   build/stm32f4xx_hal_msp.o
HAL_PCD_ResetCallback                             build/stm32f4xx_hal_pcd.o
HAL_PCD_ResumeCallback                            build/stm32f4xx_hal_pcd.o
HAL_PCD_SOFCallback                               build/stm32f4xx_hal_pcd.o
HAL_PCD_SetAddress                                build/stm32f4xx_hal_pcd.o
HAL_PCD_SetTestMode                               build/stm32f4xx_hal_pcd.o
HAL_PCD_SetupStageCallback                        build/stm32f4xx_hal_pcd.o
HAL_PCD_Start                                     build/stm32f4xx_hal_pcd.o
HAL_PCD_Stop                                      build/stm32f4xx_hal_pcd.o
HAL_PCD_SuspendCallback                           build/stm32f4xx_hal_pcd.o
HAL_PCD_WKUP_IRQHandler                           build/stm32f4xx_hal_pcd.o
HAL_PWREx_ControlVoltageScaling                   build/stm32f4xx_hal_pwr_ex.o
HAL_PWREx_DisableBkUpReg                          build/stm32f4xx_hal_pwr_ex.o
HAL_PWREx_DisableFlashPowerDown                   build/stm32f4xx_hal_pwr_ex.o
HAL_PWREx_DisableLowRegulatorLowVoltage           build/stm32f4xx_hal_pwr_ex.o
HAL_PWREx_DisableMainRegulatorLowVoltage          build/stm32f4xx_hal_pwr_ex.o
HAL_PWREx_EnableBkUpReg                           build/stm32f4xx_hal_pwr_ex.o
HAL_PWREx_EnableFlashPowerDown                    build/stm32f4xx_hal_pwr_ex.o
HAL_PWREx_EnableLowRegulatorLowVoltage            build/stm32f4xx_hal_pwr_ex.o
HAL_PWREx_EnableMainRegulatorLowVoltage           build/stm32f4xx_hal_pwr_ex.o
HAL_PWREx_GetVoltageRange                         build/stm32f4xx_hal_pwr_ex.o
HAL_PWR_ConfigPVD                                 build/stm32f4xx_hal_pwr.o
HAL_PWR_DeInit                                    build/stm32f4xx_hal_pwr.o
HAL_PWR_DisableBkUpAccess                         build/stm32f4xx_hal_pwr.o
HAL_PWR_DisablePVD                                build/stm32f4xx_hal_pwr.o
HAL_PWR_DisableSEVOnPend                          build/stm32f4xx_hal_pwr.o
HAL_PWR_DisableSleepOnExit                        build/stm32f4xx_hal_pwr.o
HAL_PWR_DisableWakeUpPin                          build/stm32f4xx_hal_pwr.o
HAL_PWR_EnableBkUpAccess                          build/stm32f4xx_hal_pwr.o
HAL_PWR_EnablePVD                                 build/stm32f4xx_hal_pwr.o
HAL_PWR_EnableSEVOnPend                           build/stm32f4xx_hal_pwr.o
HAL_PWR_EnableSleepOnExit                         build/stm32f4xx_hal_pwr.o
HAL_PWR_EnableWakeUpPin                           build/stm32f4xx_hal_pwr.o
HAL_PWR_EnterSLEEPMode                            build/stm32f4xx_hal_pwr.o
HAL_PWR_EnterSTANDBYMode                          build/stm32f4xx_hal_pwr.o
HAL_PWR_EnterSTOPMode                             build/stm32f4xx_hal_pwr.o
HAL_PWR_PVDCallback                               build/stm32f4xx_hal_pwr.o
HAL_PWR_PVD_IRQHandler                            build/stm32f4xx_hal_pwr.o
HAL_RCCEx_DisablePLLI2S                           build/stm32f4xx_hal_rcc_ex.o
HAL_RCCEx_EnablePLLI2S                            build/stm32f4xx_hal_rcc_ex.o
HAL_RCCEx_GetPeriphCLKConfig                      build/stm32f4xx_hal_rcc_ex.o
HAL_RCCEx_GetPeriphCLKFreq                        build/stm32f4xx_hal_rcc_ex.o
HAL_RCCEx_PeriphCLKConfig                         build/stm32f4xx_hal_rcc_ex.o
                                                  build/stm32f4xx_hal_msp.o
HAL_RCCEx_SelectLSEMode                           build/stm32f4xx_hal_rcc_ex.o
HAL_RCC_CSSCallback                               build/stm32f4xx_hal_rcc.o
HAL_RCC_ClockConfig                               build/stm32f4xx_hal_rcc.o
                                                  build/main.o
HAL_RCC_DeInit                                    build/stm32f4xx_hal_rcc_ex.o
                                                  build/stm32f4xx_hal_rcc.o
HAL_RCC_DisableCSS                                build/stm32f4xx_hal_rcc.o
HAL_RCC_EnableCSS                                 build/stm32f4xx_hal_rcc.o
HAL_RCC_GetClockConfig                            build/stm32f4xx_hal_rcc.o
                                                  build/stm32f4xx_hal_timebase_tim.o
HAL_RCC_GetHCLKFreq                               build/stm32f4xx_hal_rcc.o
                                                  build/stm32f4xx_hal_pcd.o
HAL_RCC_GetOscConfig                              build/stm32f4xx_hal_rcc_ex.o
                                                  build/stm32f4xx_hal_rcc.o
HAL_RCC_GetPCLK1Freq                              build/stm32f4xx_hal_rcc.o
                                                  build/stm32f4xx_hal_uart.o
                                                  build/stm32f4xx_hal_timebase_tim.o
HAL_RCC_GetPCLK2Freq                              build/stm32f4xx_hal_rcc.o
                                                  build/stm32f4xx_hal_uart.o
HAL_RCC_GetSysClockFreq                           build/stm32f4xx_hal_rcc.o
HAL_RCC_MCOConfig                                 build/stm32f4xx_hal_rcc.o
HAL_RCC_NMI_IRQHandler                            build/stm32f4xx_hal_rcc.o
HAL_RCC_OscConfig                                 build/stm32f4xx_hal_rcc_ex.o
                                                  build/stm32f4xx_hal_rcc.o
                                                  build/main.o
HAL_ResumeTick                                    build/stm32f4xx_hal_timebase_tim.o
HAL_SYSTICK_CLKSourceConfig                       build/stm32f4xx_hal_cortex.o
HAL_SYSTICK_Callback                              build/stm32f4xx_hal_cortex.o
HAL_SYSTICK_Config                                build/stm32f4xx_hal_cortex.o
                                                  build/stm32f4xx_hal.o
HAL_SYSTICK_IRQHandler                            build/stm32f4xx_hal_cortex.o
HAL_SetTickFreq                                   build/stm32f4xx_hal.o
HAL_SuspendTick                                   build/stm32f4xx_hal_timebase_tim.o
HAL_TIMEx_BreakCallback                           build/stm32f4xx_hal_tim_ex.o
                                                  build/stm32f4xx_hal_tim.o
HAL_TIMEx_CommutCallback                          build/stm32f4xx_hal_tim_ex.o
                                                  build/stm32f4xx_hal_tim.o
HAL_TIMEx_CommutHalfCpltCallback                  build/stm32f4xx_hal_tim_ex.o
HAL_TIMEx_ConfigBreakDeadTime                     build/stm32f4xx_hal_tim_ex.o
HAL_TIMEx_ConfigCommutEvent                       build/stm32f4xx_hal_tim_ex.o
HAL_TIMEx_ConfigCommutEvent_DMA                   build/stm32f4xx_hal_tim_ex.o
HAL_TIMEx_ConfigCommutEvent_IT                    build/stm32f4xx_hal_tim_ex.o
HAL_TIMEx_GetChannelNState                        build/stm32f4xx_hal_tim_ex.o
HAL_TIMEx_HallSensor_DeInit                       build/stm32f4xx_hal_tim_ex.o
HAL_TIMEx_HallSensor_GetState                     build/stm32f4xx_hal_tim_ex.o
HAL_TIMEx_HallSensor_Init                         build/stm32f4xx_hal_tim_ex.o
HAL_TIMEx_HallSensor_MspDeInit                    build/stm32f4xx_hal_tim_ex.o
HAL_TIMEx_HallSensor_MspInit                      build/stm32f4xx_hal_tim_ex.o
HAL_TIMEx_HallSensor_Start                        build/stm32f4xx_hal_tim_ex.o
HAL_TIMEx_HallSensor_Start_DMA                    build/stm32f4xx_hal_tim_ex.o
HAL_TIMEx_HallSensor_Start_IT                     build/stm32f4xx_hal_tim_ex.o
HAL_TIMEx_HallSensor_Stop                         build/stm32f4xx_hal_tim_ex.o
HAL_TIMEx_HallSensor_Stop_DMA                     build/stm32f4xx_hal_tim_ex.o
HAL_TIMEx_HallSensor_Stop_IT                      build/stm32f4xx_hal_tim_ex.o
HAL_TIMEx_MasterConfigSynchronization             build/stm32f4xx_hal_tim_ex.o
HAL_TIMEx_OCN_Start                               build/stm32f4xx_hal_tim_ex.o
HAL_TIMEx_OCN_Start_DMA                           build/stm32f4xx_hal_tim_ex.o
HAL_TIMEx_OCN_Start_IT                            build/stm32f4xx_hal_tim_ex.o
HAL_TIMEx_OCN_Stop                                build/stm32f4xx_hal_tim_ex.o
HAL_TIMEx_OCN_Stop_DMA                            build/stm32f4xx_hal_tim_ex.o
HAL_TIMEx_OCN_Stop_IT                             build/stm32f4xx_hal_tim_ex.o
HAL_TIMEx_OnePulseN_Start                         build/stm32f4xx_hal_tim_ex.o
HAL_TIMEx_OnePulseN_Start_IT                      build/stm32f4xx_hal_tim_ex.o
HAL_TIMEx_OnePulseN_Stop                          build/stm32f4xx_hal_tim_ex.o
HAL_TIMEx_OnePulseN_Stop_IT                       build/stm32f4xx_hal_tim_ex.o
HAL_TIMEx_PWMN_Start                              build/stm32f4xx_hal_tim_ex.o
HAL_TIMEx_PWMN_Start_DMA                          build/stm32f4xx_hal_tim_ex.o
HAL_TIMEx_PWMN_Start_IT                           build/stm32f4xx_hal_tim_ex.o
HAL_TIMEx_PWMN_Stop                               build/stm32f4xx_hal_tim_ex.o
HAL_TIMEx_PWMN_Stop_DMA                           build/stm32f4xx_hal_tim_ex.o
HAL_TIMEx_PWMN_Stop_IT                            build/stm32f4xx_hal_tim_ex.o
HAL_TIMEx_RemapConfig                             build/stm32f4xx_hal_tim_ex.o
HAL_TIM_Base_DeInit                               build/stm32f4xx_hal_tim.o